Component: ARM Compiler 5.06 update 6 (build 750) Tool: armlink [4d35ed]

==============================================================================

Section Cross References

    main.o(i.HAL_TIM_PeriodElapsedCallback) refers to stm32f4xx_hal.o(i.HAL_IncTick) for HAL_IncTick
    main.o(i.SystemClock_Config) refers to memseta.o(.text) for __aeabi_memclr4
    main.o(i.SystemClock_Config) refers to stm32f4xx_hal_rcc.o(i.HAL_RCC_OscConfig) for HAL_RCC_OscConfig
    main.o(i.SystemClock_Config) refers to stm32f4xx_hal_rcc.o(i.HAL_RCC_ClockConfig) for HAL_RCC_ClockConfig
    main.o(i.main) refers to stm32f4xx_hal.o(i.HAL_Init) for HAL_Init
    main.o(i.main) refers to main.o(i.SystemClock_Config) for SystemClock_Config
    main.o(i.main) refers to gpio.o(i.MX_GPIO_Init) for MX_GPIO_Init
    main.o(i.main) refers to usart.o(i.MX_USART1_UART_Init) for MX_USART1_UART_Init
    main.o(i.main) refers to usart.o(i.MX_USART2_UART_Init) for MX_USART2_UART_Init
    main.o(i.main) refers to usart.o(i.MX_USART3_UART_Init) for MX_USART3_UART_Init
    main.o(i.main) refers to fsmc.o(i.MX_FSMC_Init) for MX_FSMC_Init
    main.o(i.main) refers to spi.o(i.MX_SPI1_Init) for MX_SPI1_Init
    main.o(i.main) refers to cmsis_os2.o(i.osKernelInitialize) for osKernelInitialize
    main.o(i.main) refers to freertos.o(i.MX_FREERTOS_Init) for MX_FREERTOS_Init
    main.o(i.main) refers to cmsis_os2.o(i.osKernelStart) for osKernelStart
    gpio.o(i.MX_GPIO_Init) refers to memseta.o(.text) for __aeabi_memclr4
    gpio.o(i.MX_GPIO_Init) refers to stm32f4xx_hal_gpio.o(i.HAL_GPIO_WritePin) for HAL_GPIO_WritePin
    gpio.o(i.MX_GPIO_Init) refers to stm32f4xx_hal_gpio.o(i.HAL_GPIO_Init) for HAL_GPIO_Init
    freertos.o(i.MX_FREERTOS_Init) refers to cmsis_os2.o(i.osTimerNew) for osTimerNew
    freertos.o(i.MX_FREERTOS_Init) refers to cmsis_os2.o(i.osTimerStart) for osTimerStart
    freertos.o(i.MX_FREERTOS_Init) refers to cmsis_os2.o(i.osThreadNew) for osThreadNew
    freertos.o(i.MX_FREERTOS_Init) refers to freertos.o(.constdata) for .constdata
    freertos.o(i.MX_FREERTOS_Init) refers to freertos.o(i.led_timer) for led_timer
    freertos.o(i.MX_FREERTOS_Init) refers to freertos.o(.data) for .data
    freertos.o(i.MX_FREERTOS_Init) refers to freertos.o(i.robotcmd_task) for robotcmd_task
    freertos.o(i.MX_FREERTOS_Init) refers to freertos.o(i.imu_task) for imu_task
    freertos.o(i.MX_FREERTOS_Init) refers to freertos.o(i.body_task) for body_task
    freertos.o(i.MX_FREERTOS_Init) refers to freertos.o(i.remote_task) for remote_task
    freertos.o(i.MX_FREERTOS_Init) refers to freertos.o(i.SendDataTask) for SendDataTask
    freertos.o(i.SendDataTask) refers to cmsis_os2.o(i.osDelay) for osDelay
    freertos.o(i.SendDataTask) refers to f2d.o(.text) for __aeabi_f2d
    freertos.o(i.SendDataTask) refers to printfa.o(i.__0printf) for __2printf
    freertos.o(i.SendDataTask) refers to mpu6050.o(.data) for Roll
    freertos.o(i.SendDataTask) refers to body_task.o(.bss) for FR_Leg
    freertos.o(i.body_task) refers to body_task.o(i.BodyInit) for BodyInit
    freertos.o(i.body_task) refers to body_task.o(i.BodyChange) for BodyChange
    freertos.o(i.body_task) refers to body_task.o(i.LegChange) for LegChange
    freertos.o(i.body_task) refers to body_task.o(i.ServoSendData) for ServoSendData
    freertos.o(i.body_task) refers to cmsis_os2.o(i.osDelay) for osDelay
    freertos.o(i.imu_task) refers to mpu6050.o(i.DMP_Init) for DMP_Init
    freertos.o(i.imu_task) refers to mpu6050.o(i.Read_DMP) for Read_DMP
    freertos.o(i.imu_task) refers to cmsis_os2.o(i.osDelay) for osDelay
    freertos.o(i.led_timer) refers to stm32f4xx_hal_gpio.o(i.HAL_GPIO_TogglePin) for HAL_GPIO_TogglePin
    freertos.o(i.remote_task) refers to memcpya.o(.text) for __aeabi_memcpy4
    freertos.o(i.remote_task) refers to cmsis_os2.o(i.osDelay) for osDelay
    freertos.o(i.remote_task) refers to remote.o(.bss) for remote
    freertos.o(i.robotcmd_task) refers to robotcmd.o(i.LedStateChange) for LedStateChange
    freertos.o(i.robotcmd_task) refers to robotcmd.o(i.BodyParamChange) for BodyParamChange
    freertos.o(i.robotcmd_task) refers to cmsis_os2.o(i.osDelay) for osDelay
    freertos.o(.constdata) refers to freertos.o(.conststring) for .conststring
    fsmc.o(i.HAL_FSMC_MspInit) refers to memseta.o(.text) for __aeabi_memclr4
    fsmc.o(i.HAL_FSMC_MspInit) refers to stm32f4xx_hal_gpio.o(i.HAL_GPIO_Init) for HAL_GPIO_Init
    fsmc.o(i.HAL_FSMC_MspInit) refers to fsmc.o(.data) for .data
    fsmc.o(i.HAL_SRAM_MspDeInit) refers to stm32f4xx_hal_gpio.o(i.HAL_GPIO_DeInit) for HAL_GPIO_DeInit
    fsmc.o(i.HAL_SRAM_MspDeInit) refers to fsmc.o(.data) for .data
    fsmc.o(i.HAL_SRAM_MspInit) refers to fsmc.o(i.HAL_FSMC_MspInit) for HAL_FSMC_MspInit
    fsmc.o(i.MX_FSMC_Init) refers to memseta.o(.text) for __aeabi_memclr4
    fsmc.o(i.MX_FSMC_Init) refers to stm32f4xx_hal_sram.o(i.HAL_SRAM_Init) for HAL_SRAM_Init
[...]
    _printf_charcount                        0x00000000   Number         0  stubs.o ABSOLUTE
    _printf_d                                0x00000000   Number         0  stubs.o ABSOLUTE
    _printf_e                                0x00000000   Number         0  stubs.o ABSOLUTE
    _printf_f                                0x00000000   Number         0  stubs.o ABSOLUTE
    _printf_flags                            0x00000000   Number         0  stubs.o ABSOLUTE
    _printf_fp_dec                           0x00000000   Number         0  stubs.o ABSOLUTE
    _printf_fp_hex                           0x00000000   Number         0  stubs.o ABSOLUTE
    _printf_g                                0x00000000   Number         0  stubs.o ABSOLUTE
    _printf_i                                0x00000000   Number         0  stubs.o ABSOLUTE
    _printf_int_dec                          0x00000000   Number         0  stubs.o ABSOLUTE
    _printf_l                                0x00000000   Number         0  stubs.o ABSOLUTE
    _printf_lc                               0x00000000   Number         0  stubs.o ABSOLUTE
    _printf_ll                               0x00000000   Number         0  stubs.o ABSOLUTE
    _printf_lld                              0x00000000   Number         0  stubs.o ABSOLUTE
    _printf_lli                              0x00000000   Number         0  stubs.o ABSOLUTE
    _printf_llo                              0x00000000   Number         0  stubs.o ABSOLUTE
    _printf_llu                              0x00000000   Number         0  stubs.o ABSOLUTE
    _printf_llx                              0x00000000   Number         0  stubs.o ABSOLUTE
    _printf_longlong_dec                     0x00000000   Number         0  stubs.o ABSOLUTE
    _printf_longlong_hex                     0x00000000   Number         0  stubs.o ABSOLUTE
    _printf_longlong_oct                     0x00000000   Number         0  stubs.o ABSOLUTE
    _printf_ls                               0x00000000   Number         0  stubs.o ABSOLUTE
    _printf_mbtowc                           0x00000000   Number         0  stubs.o ABSOLUTE
    _printf_n                                0x00000000   Number         0  stubs.o ABSOLUTE
    _printf_o                                0x00000000   Number         0  stubs.o ABSOLUTE
    _printf_p                                0x00000000   Number         0  stubs.o ABSOLUTE
    _printf_percent                          0x00000000   Number         0  stubs.o ABSOLUTE
    _printf_pre_padding                      0x00000000   Number         0  stubs.o ABSOLUTE
    _printf_return_value                     0x00000000   Number         0  stubs.o ABSOLUTE
    _printf_s                                0x00000000   Number         0  stubs.o ABSOLUTE
    _printf_sizespec                         0x00000000   Number         0  stubs.o ABSOLUTE
    _printf_str                              0x00000000   Number         0  stubs.o ABSOLUTE
    _printf_truncate_signed                  0x00000000   Number         0  stubs.o ABSOLUTE
    _printf_truncate_unsigned                0x00000000   Number         0  stubs.o ABSOLUTE
    _printf_u                                0x00000000   Number         0  stubs.o ABSOLUTE
    _printf_wc                               0x00000000   Number         0  stubs.o ABSOLUTE
    _printf_wctomb                           0x00000000   Number         0  stubs.o ABSOLUTE
    _printf_widthprec                        0x00000000   Number         0  stubs.o ABSOLUTE
    _printf_x                                0x00000000   Number         0  stubs.o ABSOLUTE
    __cpp_initialize__aeabi_                  - Undefined Weak Reference
    __cxa_finalize                            - Undefined Weak Reference
    _clock_init                               - Undefined Weak Reference
    _microlib_exit                            - Undefined Weak Reference
    __Vectors_Size                           0x00000188   Number         0  startup_stm32f407xx.o ABSOLUTE
    __Vectors                                0x08000000   Data           4  startup_stm32f407xx.o(RESET)
    __Vectors_End                            0x08000188   Data           0  startup_stm32f407xx.o(RESET)
    __main                                   0x08000189   Thumb Code     0  entry.o(.ARM.Collect$$$$00000000)
    _main_stk                                0x08000189   Thumb Code     0  entry2.o(.ARM.Collect$$$$00000001)
    _main_scatterload                        0x0800018d   Thumb Code     0  entry5.o(.ARM.Collect$$$$00000004)
    __main_after_scatterload                 0x08000191   Thumb Code     0  entry5.o(.ARM.Collect$$$$00000004)
    _main_clock                              0x08000191   Thumb Code     0  entry7b.o(.ARM.Collect$$$$00000008)
    _main_cpp_init                           0x08000191   Thumb Code     0  entry8b.o(.ARM.Collect$$$$0000000A)
    _main_init                               0x08000191   Thumb Code     0  entry9a.o(.ARM.Collect$$$$0000000B)
    __rt_final_cpp                           0x08000199   Thumb Code     0  entry10a.o(.ARM.Collect$$$$0000000D)
    __rt_final_exit                          0x08000199   Thumb Code     0  entry11a.o(.ARM.Collect$$$$0000000F)
    SVC_Handler                              0x0800019d   Thumb Code    28  port.o(.emb_text)
    __asm___6_port_c_39a90d8d__prvStartFirstTask 0x080001bd   Thumb Code    36  port.o(.emb_text)
    __asm___6_port_c_39a90d8d__prvEnableVFP  0x080001e5   Thumb Code    16  port.o(.emb_text)
    PendSV_Handler                           0x080001f9   Thumb Code    88  port.o(.emb_text)
    vPortGetIPSR                             0x08000255   Thumb Code     6  port.o(.emb_text)
    Reset_Handler                            0x0800025d   Thumb Code     8  startup_stm32f407xx.o(.text)
    ADC_IRQHandler                           0x08000277   Thumb Code     0  startup_stm32f407xx.o(.text)
    CAN1_RX0_IRQHandler                      0x08000277   Thumb Code     0  startup_stm32f407xx.o(.text)
    CAN1_RX1_IRQHandler                      0x08000277   Thumb Code     0  startup_stm32f407xx.o(.text)
    CAN1_SCE_IRQHandler                      0x08000277   Thumb Code     0  startup_stm32f407xx.o(.text)
    CAN1_TX_IRQHandler                       0x08000277   Thumb Code     0  startup_stm32f407xx.o(.text)
    CAN2_RX0_IRQHandler                      0x08000277   Thumb Code     0  startup_stm32f407xx.o(.text)
    CAN2_RX1_IRQHandler                      0x08000277   Thumb Code     0  startup_stm32f407xx.o(.text)
    CAN2_SCE_IRQHandler                      0x08000277   Thumb Code     0  startup_stm32f407xx.o(.text)
    CAN2_TX_IRQHandler                       0x08000277   Thumb Code     0  startup_stm32f407xx.o(.text)
    DCMI_IRQHandler                          0x08000277   Thumb Code     0  startup_stm32f407xx.o(.text)
    DMA1_Stream0_IRQHandler                  0x08000277   Thumb Code     0  startup_stm32f407xx.o(.text)
    DMA1_Stream1_IRQHandler                  0x08000277   Thumb Code     0  startup_stm32f407xx.o(.text)
    DMA1_Stream2_IRQHandler                  0x08000277   Thumb Code     0  startup_stm32f407xx.o(.text)
    DMA1_Stream3_IRQHandler                  0x08000277   Thumb Code     0  startup_stm32f407xx.o(.text)
    DMA1_Stream4_IRQHandler                  0x08000277   Thumb Code     0  startup_stm32f407xx.o(.text)
    DMA1_Stream5_IRQHandler                  0x08000277   Thumb Code     0  startup_stm32f407xx.o(.text)
    DMA1_Stream6_IRQHandler                  0x08000277   Thumb Code     0  startup_stm32f407xx.o(.text)
    DMA1_Stream7_IRQHandler                  0x08000277   Thumb Code     0  startup_stm32f407xx.o(.text)
    DMA2_Stream0_IRQHandler                  0x08000277   Thumb Code     0  startup_stm32f407xx.o(.text)
    DMA2_Stream1_IRQHandler                  0x08000277   Thumb Code     0  startup_stm32f407xx.o(.text)
    DMA2_Stream2_IRQHandler                  0x08000277   Thumb Code     0  startup_stm32f407xx.o(.text)
    DMA2_Stream3_IRQHandler                  0x08000277   Thumb Code     0  startup_stm32f407xx.o(.text)
    DMA2_Stream4_IRQHandler                  0x08000277   Thumb Code     0  startup_stm32f407xx.o(.text)
    DMA2_Stream5_IRQHandler                  0x08000277   Thumb Code     0  startup_stm32f407xx.o(.text)
    DMA2_Stream6_IRQHandler                  0x08000277   Thumb Code     0  startup_stm32f407xx.o(.text)
    DMA2_Stream7_IRQHandler                  0x08000277   Thumb Code     0  startup_stm32f407xx.o(.text)
    ETH_IRQHandler                           0x08000277   Thumb Code     0  startup_stm32f407xx.o(.text)
    ETH_WKUP_IRQHandler                      0x08000277   Thumb Code     0  startup_stm32f407xx.o(.text)
    EXTI0_IRQHandler                         0x08000277   Thumb Code     0  startup_stm32f407xx.o(.text)
    EXTI15_10_IRQHandler                     0x08000277   Thumb Code     0  startup_stm32f407xx.o(.text)
    EXTI1_IRQHandler                         0x08000277   Thumb Code     0  startup_stm32f407xx.o(.text)
    EXTI2_IRQHandler                         0x08000277   Thumb Code     0  startup_stm32f407xx.o(.text)
    EXTI3_IRQHandler                         0x08000277   Thumb Code     0  startup_stm32f407xx.o(.text)
    EXTI4_IRQHandler                         0x08000277   Thumb Code     0  startup_stm32f407xx.o(.text)
    EXTI9_5_IRQHandler                       0x08000277   Thumb Code     0  startup_stm32f407xx.o(.text)
    FLASH_IRQHandler                         0x08000277   Thumb Code     0  startup_stm32f407xx.o(.text)
    FMC_IRQHandler                           0x08000277   Thumb Code     0  startup_stm32f407xx.o(.text)
    FPU_IRQHandler                           0x08000277   Thumb Code     0  startup_stm32f407xx.o(.text)
    HASH_RNG_IRQHandler                      0x08000277   Thumb Code     0  startup_stm32f407xx.o(.text)
    I2C1_ER_IRQHandler                       0x08000277   Thumb Code     0  startup_stm32f407xx.o(.text)
    I2C1_EV_IRQHandler                       0x08000277   Thumb Code     0  startup_stm32f407xx.o(.text)
    I2C2_ER_IRQHandler                       0x08000277   Thumb Code     0  startup_stm32f407xx.o(.text)
    I2C2_EV_IRQHandler                       0x08000277   Thumb Code     0  startup_stm32f407xx.o(.text)
    I2C3_ER_IRQHandler                       0x08000277   Thumb Code     0  startup_stm32f407xx.o(.text)
    I2C3_EV_IRQHandler                       0x08000277   Thumb Code     0  startup_stm32f407xx.o(.text)
    OTG_FS_IRQHandler                        0x08000277   Thumb Code     0  startup_stm32f407xx.o(.text)
    OTG_FS_WKUP_IRQHandler                   0x08000277   Thumb Code     0  startup_stm32f407xx.o(.text)
    OTG_HS_EP1_IN_IRQHandler                 0x08000277   Thumb Code     0  startup_stm32f407xx.o(.text)
    OTG_HS_EP1_OUT_IRQHandler                0x08000277   Thumb Code     0  startup_stm32f407xx.o(.text)
    OTG_HS_IRQHandler                        0x08000277   Thumb Code     0  startup_stm32f407xx.o(.text)
    OTG_HS_WKUP_IRQHandler                   0x08000277   Thumb Code     0  startup_stm32f407xx.o(.text)
    PVD_IRQHandler                           0x08000277   Thumb Code     0  startup_stm32f407xx.o(.text)
    RCC_IRQHandler                           0x08000277   Thumb Code     0  startup_stm32f407xx.o(.text)
    RTC_Alarm_IRQHandler                     0x08000277   Thumb Code     0  startup_stm32f407xx.o(.text)
    RTC_WKUP_IRQHandler                      0x08000277   Thumb Code     0  startup_stm32f407xx.o(.text)
    SDIO_IRQHandler                          0x08000277   Thumb Code     0  startup_stm32f407xx.o(.text)
    SPI1_IRQHandler                          0x08000277   Thumb Code     0  startup_stm32f407xx.o(.text)
    SPI2_IRQHandler                          0x08000277   Thumb Code     0  startup_stm32f407xx.o(.text)
    SPI3_IRQHandler                          0x08000277   Thumb Code     0  startup_stm32f407xx.o(.text)
    TAMP_STAMP_IRQHandler                    0x08000277   Thumb Code     0  startup_stm32f407xx.o(.text)
    TIM1_BRK_TIM9_IRQHandler                 0x08000277   Thumb Code     0  startup_stm32f407xx.o(.text)
    TIM1_CC_IRQHandler                       0x08000277   Thumb Code     0  startup_stm32f407xx.o(.text)
    TIM1_TRG_COM_TIM11_IRQHandler            0x08000277   Thumb Code     0  startup_stm32f407xx.o(.text)
    TIM1_UP_TIM10_IRQHandler                 0x08000277   Thumb Code     0  startup_stm32f407xx.o(.text)
    TIM2_IRQHandler                          0x08000277   Thumb Code     0  startup_stm32f407xx.o(.text)
    TIM3_IRQHandler                          0x08000277   Thumb Code     0  startup_stm32f407xx.o(.text)
    TIM4_IRQHandler                          0x08000277   Thumb Code     0  startup_stm32f407xx.o(.text)
    TIM5_IRQHandler                          0x08000277   Thumb Code     0  startup_stm32f407xx.o(.text)
    TIM6_DAC_IRQHandler                      0x08000277   Thumb Code     0  startup_stm32f407xx.o(.text)
    TIM8_BRK_TIM12_IRQHandler                0x08000277   Thumb Code     0  startup_stm32f407xx.o(.text)
    TIM8_CC_IRQHandler                       0x08000277   Thumb Code     0  startup_stm32f407xx.o(.text)
    TIM8_TRG_COM_TIM14_IRQHandler            0x08000277   Thumb Code     0  startup_stm32f407xx.o(.text)
    TIM8_UP_TIM13_IRQHandler                 0x08000277   Thumb Code     0  startup_stm32f407xx.o(.text)
    UART4_IRQHandler                         0x08000277   Thumb Code     0  startup_stm32f407xx.o(.text)
    UART5_IRQHandler                         0x08000277   Thumb Code     0  startup_stm32f407xx.o(.text)
    USART6_IRQHandler                        0x08000277   Thumb Code     0  startup_stm32f407xx.o(.text)
    WWDG_IRQHandler                          0x08000277   Thumb Code     0  startup_stm32f407xx.o(.text)
    __aeabi_uldivmod                         0x08000281   Thumb Code    98  uldiv.o(.text)
    __aeabi_ldivmod                          0x080002e3   Thumb Code    98  ldiv.o(.text)
    __aeabi_memcpy                           0x08000345   Thumb Code    36  memcpya.o(.text)
    __aeabi_memcpy4                          0x08000345   Thumb Code     0  memcpya.o(.text)
    __aeabi_memcpy8                          0x08000345   Thumb Code     0  memcpya.o(.text)
    __aeabi_memset                           0x08000369   Thumb Code    14  memseta.o(.text)
    __aeabi_memset4                          0x08000369   Thumb Code     0  memseta.o(.text)
    __aeabi_memset8                          0x08000369   Thumb Code     0  memseta.o(.text)
    __aeabi_memclr                           0x08000377   Thumb Code     4  memseta.o(.text)
    __aeabi_memclr4                          0x08000377   Thumb Code     0  memseta.o(.text)
    __aeabi_memclr8                          0x08000377   Thumb Code     0  memseta.o(.text)
    memset                                   0x0800037b   Thumb Code    18  memseta.o(.text)
    memcmp                                   0x0800038d   Thumb Code    26  memcmp.o(.text)
    __aeabi_dadd                             0x080003a7   Thumb Code   322  dadd.o(.text)
    __aeabi_dsub                             0x080004e9   Thumb Code     6  dadd.o(.text)
    __aeabi_drsub                            0x080004ef   Thumb Code     6  dadd.o(.text)
    __aeabi_dmul                             0x080004f5   Thumb Code   228  dmul.o(.text)
    __aeabi_ddiv                             0x080005d9   Thumb Code   222  ddiv.o(.text)
    __aeabi_ui2d                             0x080006b7   Thumb Code    26  dfltui.o(.text)
    __aeabi_d2iz                             0x080006d1   Thumb Code    62  dfixi.o(.text)
    __aeabi_f2d                              0x0800070f   Thumb Code    38  f2d.o(.text)
    __aeabi_cdrcmple                         0x08000735   Thumb Code    48  cdrcmple.o(.text)
    __aeabi_d2f                              0x08000765   Thumb Code    56  d2f.o(.text)
    __aeabi_uidiv                            0x0800079d   Thumb Code     0  uidiv.o(.text)
    __aeabi_uidivmod                         0x0800079d   Thumb Code    44  uidiv.o(.text)
    __aeabi_llsl                             0x080007c9   Thumb Code    30  llshl.o(.text)
    _ll_shift_l                              0x080007c9   Thumb Code     0  llshl.o(.text)
    __aeabi_llsr                             0x080007e7   Thumb Code    32  llushr.o(.text)
    _ll_ushift_r                             0x080007e7   Thumb Code     0  llushr.o(.text)
    __aeabi_lasr                             0x08000807   Thumb Code    36  llsshr.o(.text)
    _ll_sshift_r                             0x08000807   Thumb Code     0  llsshr.o(.text)
    __I$use$fp                               0x0800082b   Thumb Code     0  iusefp.o(.text)
    _float_round                             0x0800082b   Thumb Code    18  fepilogue.o(.text)
    _float_epilogue                          0x0800083d   Thumb Code    92  fepilogue.o(.text)
    _double_round                            0x08000899   Thumb Code    30  depilogue.o(.text)
    _double_epilogue                         0x080008b7   Thumb Code   156  depilogue.o(.text)
    _dsqrt                                   0x08000953   Thumb Code   162  dsqrt.o(.text)
    __aeabi_d2ulz                            0x080009f5   Thumb Code    48  dfixul.o(.text)
    __scatterload                            0x08000a25   Thumb Code    28  init.o(.text)
    __scatterload_rt2                        0x08000a25   Thumb Code     0  init.o(.text)
    __aeabi_i2d                              0x08000a49   Thumb Code    34  dflti.o(.text)
    __decompress                             0x08000a6b   Thumb Code     0  __dczerorl2.o(.text)
    __decompress1                            0x08000a6b   Thumb Code    86  __dczerorl2.o(.text)
    Abs                                      0x08000ac1   Thumb Code    24  body_task.o(i.Abs)
    AttitudeParse                            0x08000ad9   Thumb Code   674  body_task.o(i.AttitudeParse)
    BodyChange                               0x08000dc9   Thumb Code   308  body_task.o(i.BodyChange)
    BodyInit                                 0x08000f25   Thumb Code   190  body_task.o(i.BodyInit)
    BodyParamChange                          0x08000ff5   Thumb Code    68  robotcmd.o(i.BodyParamChange)
    BusFault_Handler                         0x08001041   Thumb Code     2  stm32f4xx_it.o(i.BusFault_Handler)
    ClearLegData                             0x08001045   Thumb Code    18  body_task.o(i.ClearLegData)
    DMP_Init                                 0x0800105d   Thumb Code   222  mpu6050.o(i.DMP_Init)
    DebugMon_Handler                         0x08001299   Thumb Code     2  stm32f4xx_it.o(i.DebugMon_Handler)
    Error_Handler                            0x0800129b   Thumb Code     2  main.o(i.Error_Handler)
    FSMC_NORSRAM_Extended_Timing_Init        0x0800129d   Thumb Code    60  stm32f4xx_ll_fsmc.o(i.FSMC_NORSRAM_Extended_Timing_Init)
    FSMC_NORSRAM_Init                        0x080012dd   Thumb Code    80  stm32f4xx_ll_fsmc.o(i.FSMC_NORSRAM_Init)
    FSMC_NORSRAM_Timing_Init                 0x08001331   Thumb Code    64  stm32f4xx_ll_fsmc.o(i.FSMC_NORSRAM_Timing_Init)
    HAL_DMA_Abort_IT                         0x08001375   Thumb Code    36  stm32f4xx_hal_dma.o(i.HAL_DMA_Abort_IT)
    HAL_Delay                                0x08001399   Thumb Code    32  stm32f4xx_hal.o(i.HAL_Delay)
    HAL_GPIO_Init                            0x08001465   Thumb Code   394  stm32f4xx_hal_gpio.o(i.HAL_GPIO_Init)
    HAL_GPIO_ReadPin                         0x0800161d   Thumb Code    10  stm32f4xx_hal_gpio.o(i.HAL_GPIO_ReadPin)
    HAL_GPIO_TogglePin                       0x08001627   Thumb Code    14  stm32f4xx_hal_gpio.o(i.HAL_GPIO_TogglePin)
    HAL_GPIO_WritePin                        0x08001635   Thumb Code    10  stm32f4xx_hal_gpio.o(i.HAL_GPIO_WritePin)
    HAL_GetTick                              0x08001641   Thumb Code     6  stm32f4xx_hal.o(i.HAL_GetTick)
    HAL_IncTick                              0x0800164d   Thumb Code    12  stm32f4xx_hal.o(i.HAL_IncTick)
    HAL_Init                                 0x0800165d   Thumb Code    48  stm32f4xx_hal.o(i.HAL_Init)
    HAL_InitTick                             0x08001691   Thumb Code   100  stm32f4xx_hal_timebase_tim.o(i.HAL_InitTick)
    HAL_MspInit                              0x08001705   Thumb Code    52  stm32f4xx_hal_msp.o(i.HAL_MspInit)
    HAL_NVIC_EnableIRQ                       0x0800173d   Thumb Code    26  stm32f4xx_hal_cortex.o(i.HAL_NVIC_EnableIRQ)
    HAL_NVIC_SetPriority                     0x08001759   Thumb Code    60  stm32f4xx_hal_cortex.o(i.HAL_NVIC_SetPriority)
    HAL_NVIC_SetPriorityGrouping             0x08001799   Thumb Code    26  stm32f4xx_hal_cortex.o(i.HAL_NVIC_SetPriorityGrouping)
    HAL_RCC_ClockConfig                      0x080017bd   Thumb Code   288  stm32f4xx_hal_rcc.o(i.HAL_RCC_ClockConfig)
    HAL_RCC_GetClockConfig                   0x080018f1   Thumb Code    54  stm32f4xx_hal_rcc.o(i.HAL_RCC_GetClockConfig)
    HAL_RCC_GetPCLK1Freq                     0x08001931   Thumb Code    20  stm32f4xx_hal_rcc.o(i.HAL_RCC_GetPCLK1Freq)
    HAL_RCC_GetPCLK2Freq                     0x08001951   Thumb Code    20  stm32f4xx_hal_rcc.o(i.HAL_RCC_GetPCLK2Freq)
    HAL_RCC_GetSysClockFreq                  0x08001971   Thumb Code    88  stm32f4xx_hal_rcc.o(i.HAL_RCC_GetSysClockFreq)
    HAL_RCC_OscConfig                        0x080019d5   Thumb Code   840  stm32f4xx_hal_rcc.o(i.HAL_RCC_OscConfig)
    HAL_SPI_Init                             0x08001d31   Thumb Code   128  stm32f4xx_hal_spi.o(i.HAL_SPI_Init)
    HAL_SPI_MspInit                          0x08001db1   Thumb Code    92  spi.o(i.HAL_SPI_MspInit)
    HAL_SRAM_Init                            0x08001e19   Thumb Code    86  stm32f4xx_hal_sram.o(i.HAL_SRAM_Init)
    HAL_SRAM_MspInit                         0x08001e6f   Thumb Code     4  fsmc.o(i.HAL_SRAM_MspInit)
    HAL_TIMEx_BreakCallback                  0x08001e73   Thumb Code     2  stm32f4xx_hal_tim_ex.o(i.HAL_TIMEx_BreakCallback)
    HAL_TIMEx_CommutCallback                 0x08001e75   Thumb Code     2  stm32f4xx_hal_tim_ex.o(i.HAL_TIMEx_CommutCallback)
    HAL_TIM_Base_Init                        0x08001e77   Thumb Code    54  stm32f4xx_hal_tim.o(i.HAL_TIM_Base_Init)
    HAL_TIM_Base_MspInit                     0x08001ead   Thumb Code     2  stm32f4xx_hal_tim.o(i.HAL_TIM_Base_MspInit)
    HAL_TIM_Base_Start_IT                    0x08001eaf   Thumb Code    34  stm32f4xx_hal_tim.o(i.HAL_TIM_Base_Start_IT)
    HAL_TIM_IC_CaptureCallback               0x08001ed1   Thumb Code     2  stm32f4xx_hal_tim.o(i.HAL_TIM_IC_CaptureCallback)
    HAL_TIM_IRQHandler                       0x08001ed3   Thumb Code   358  stm32f4xx_hal_tim.o(i.HAL_TIM_IRQHandler)
    HAL_TIM_OC_DelayElapsedCallback          0x08002039   Thumb Code     2  stm32f4xx_hal_tim.o(i.HAL_TIM_OC_DelayElapsedCallback)
    HAL_TIM_PWM_PulseFinishedCallback        0x0800203b   Thumb Code     2  stm32f4xx_hal_tim.o(i.HAL_TIM_PWM_PulseFinishedCallback)
    HAL_TIM_PeriodElapsedCallback            0x0800203d   Thumb Code    14  main.o(i.HAL_TIM_PeriodElapsedCallback)
    HAL_TIM_TriggerCallback                  0x08002051   Thumb Code     2  stm32f4xx_hal_tim.o(i.HAL_TIM_TriggerCallback)
    HAL_UART_ErrorCallback                   0x08002053   Thumb Code     2  stm32f4xx_hal_uart.o(i.HAL_UART_ErrorCallback)
    HAL_UART_IRQHandler                      0x08002055   Thumb Code   270  stm32f4xx_hal_uart.o(i.HAL_UART_IRQHandler)
    HAL_UART_Init                            0x08002169   Thumb Code    98  stm32f4xx_hal_uart.o(i.HAL_UART_Init)
    HAL_UART_MspInit                         0x080021cd   Thumb Code   258  usart.o(i.HAL_UART_MspInit)
    HAL_UART_RxCpltCallback                  0x080022e9   Thumb Code     2  stm32f4xx_hal_uart.o(i.HAL_UART_RxCpltCallback)
    HAL_UART_Transmit                        0x080022eb   Thumb Code   186  stm32f4xx_hal_uart.o(i.HAL_UART_Transmit)
    HAL_UART_TxCpltCallback                  0x080023a5   Thumb Code     2  stm32f4xx_hal_uart.o(i.HAL_UART_TxCpltCallback)
    HardFault_Handler                        0x080023a7   Thumb Code     2  stm32f4xx_it.o(i.HardFault_Handler)
    IIC_Ack                                  0x080023a9   Thumb Code    58  ioi2c.o(i.IIC_Ack)
    IIC_Delay                                0x080023e9   Thumb Code    20  ioi2c.o(i.IIC_Delay)
    IIC_NAck                                 0x080023fd   Thumb Code    56  ioi2c.o(i.IIC_NAck)
    IIC_Read_Byte                            0x08002439   Thumb Code   114  ioi2c.o(i.IIC_Read_Byte)
    IIC_SDA_In                               0x080024b1   Thumb Code    40  ioi2c.o(i.IIC_SDA_In)
    IIC_SDA_Out                              0x080024dd   Thumb Code    42  ioi2c.o(i.IIC_SDA_Out)
    IIC_Send_Byte                            0x0800250d   Thumb Code    98  ioi2c.o(i.IIC_Send_Byte)
    IIC_Start                                0x08002575   Thumb Code    68  ioi2c.o(i.IIC_Start)
    IIC_Stop                                 0x080025bd   Thumb Code    70  ioi2c.o(i.IIC_Stop)
    IIC_Wait_Ack                             0x08002609   Thumb Code    96  ioi2c.o(i.IIC_Wait_Ack)
    LedStateChange                           0x0800266d   Thumb Code    22  robotcmd.o(i.LedStateChange)
    LegCalc                                  0x0800268d   Thumb Code   382  body_task.o(i.LegCalc)
    LegChange                                0x08002825   Thumb Code    36  body_task.o(i.LegChange)
    ListLeg                                  0x0800284d   Thumb Code   388  body_task.o(i.ListLeg)
    MX_FREERTOS_Init                         0x080029dd   Thumb Code    98  freertos.o(i.MX_FREERTOS_Init)
    MX_FSMC_Init                             0x08002a61   Thumb Code   106  fsmc.o(i.MX_FSMC_Init)
    MX_GPIO_Init                             0x08002ad5   Thumb Code   272  gpio.o(i.MX_GPIO_Init)
    MX_SPI1_Init                             0x08002bf5   Thumb Code    60  spi.o(i.MX_SPI1_Init)
    MX_USART1_UART_Init                      0x08002c39   Thumb Code    48  usart.o(i.MX_USART1_UART_Init)
    MX_USART2_UART_Init                      0x08002c71   Thumb Code    46  usart.o(i.MX_USART2_UART_Init)
    MX_USART3_UART_Init                      0x08002cad   Thumb Code    48  usart.o(i.MX_USART3_UART_Init)
    MemManage_Handler                        0x08002ce5   Thumb Code     2  stm32f4xx_it.o(i.MemManage_Handler)
    Move                                     0x08002ce9   Thumb Code   320  body_task.o(i.Move)
    NMI_Handler                              0x08002e35   Thumb Code     2  stm32f4xx_it.o(i.NMI_Handler)
    Read_DMP                                 0x08002e39   Thumb Code   398  mpu6050.o(i.Read_DMP)
    SendDataTask                             0x08002fe9   Thumb Code   106  freertos.o(i.SendDataTask)
    ServoSendData                            0x080030a1   Thumb Code    60  body_task.o(i.ServoSendData)
    SysTick_Handler                          0x080030e1   Thumb Code    38  port.o(i.SysTick_Handler)
    SystemClock_Config                       0x0800310d   Thumb Code   126  main.o(i.SystemClock_Config)
    SystemInit                               0x08003195   Thumb Code    22  system_stm32f4xx.o(i.SystemInit)
    TIM7_IRQHandler                          0x080031b1   Thumb Code     6  stm32f4xx_it.o(i.TIM7_IRQHandler)
    TIM_Base_SetConfig                       0x080031bd   Thumb Code   156  stm32f4xx_hal_tim.o(i.TIM_Base_SetConfig)
    USART1_IRQHandler                        0x08003551   Thumb Code     6  stm32f4xx_it.o(i.USART1_IRQHandler)
    USART2_IRQHandler                        0x0800355d   Thumb Code     6  stm32f4xx_it.o(i.USART2_IRQHandler)
    USART3_IRQHandler                        0x08003569   Thumb Code     6  stm32f4xx_it.o(i.USART3_IRQHandler)
    UsageFault_Handler                       0x08003575   Thumb Code     2  stm32f4xx_it.o(i.UsageFault_Handler)
    __0printf                                0x08003579   Thumb Code    22  printfa.o(i.__0printf)
    __1printf                                0x08003579   Thumb Code     0  printfa.o(i.__0printf)
    __2printf                                0x08003579   Thumb Code     0  printfa.o(i.__0printf)
    __c89printf                              0x08003579   Thumb Code     0  printfa.o(i.__0printf)
    printf                                   0x08003579   Thumb Code     0  printfa.o(i.__0printf)
    __ARM_fpclassify                         0x08003599   Thumb Code    48  fpclassify.o(i.__ARM_fpclassify)
    __hardfp_acos                            0x080035e9   Thumb Code   738  acos.o(i.__hardfp_acos)
    __hardfp_asin                            0x08003941   Thumb Code   770  asin.o(i.__hardfp_asin)
    __hardfp_atan                            0x08003ca1   Thumb Code   622  atan.o(i.__hardfp_atan)
    __hardfp_atan2                           0x08003f79   Thumb Code   432  atan2.o(i.__hardfp_atan2)
    __hardfp_cos                             0x08004169   Thumb Code   180  cos.o(i.__hardfp_cos)
    __hardfp_sin                             0x08004231   Thumb Code   180  sin.o(i.__hardfp_sin)
    __hardfp_sqrt                            0x080042f9   Thumb Code   122  sqrt.o(i.__hardfp_sqrt)
    __ieee754_rem_pio2                       0x08004379   Thumb Code   938  rred.o(i.__ieee754_rem_pio2)
    __kernel_cos                             0x080047b1   Thumb Code   322  cos_i.o(i.__kernel_cos)
    __kernel_poly                            0x08004921   Thumb Code   248  poly.o(i.__kernel_poly)
    __kernel_sin                             0x08004a19   Thumb Code   280  sin_i.o(i.__kernel_sin)
    __mathlib_dbl_infnan                     0x08004b49   Thumb Code    20  dunder.o(i.__mathlib_dbl_infnan)
    __mathlib_dbl_infnan2                    0x08004b5d   Thumb Code    20  dunder.o(i.__mathlib_dbl_infnan2)
    __mathlib_dbl_invalid                    0x08004b71   Thumb Code    24  dunder.o(i.__mathlib_dbl_invalid)
    __mathlib_dbl_underflow                  0x08004b91   Thumb Code    24  dunder.o(i.__mathlib_dbl_underflow)
    __scatterload_copy                       0x08004bb1   Thumb Code    14  handlers.o(i.__scatterload_copy)
    __scatterload_null                       0x08004bbf   Thumb Code     2  handlers.o(i.__scatterload_null)
    __scatterload_zeroinit                   0x08004bc1   Thumb Code    14  handlers.o(i.__scatterload_zeroinit)
    __set_errno                              0x08004bd1   Thumb Code     6  errno.o(i.__set_errno)
    atan                                     0x08005521   Thumb Code    16  atan.o(i.atan)
    body_task                                0x08005531   Thumb Code    24  freertos.o(i.body_task)
    delay_ms                                 0x08005549   Thumb Code     4  delay.o(i.delay_ms)
    dmp_enable_6x_lp_quat                    0x0800554d   Thumb Code    58  inv_mpu_dmp_motion_driver.o(i.dmp_enable_6x_lp_quat)
    dmp_enable_feature                       0x08005589   Thumb Code   464  inv_mpu_dmp_motion_driver.o(i.dmp_enable_feature)
    dmp_enable_gyro_cal                      0x08005761   Thumb Code    34  inv_mpu_dmp_motion_driver.o(i.dmp_enable_gyro_cal)
    dmp_enable_lp_quat                       0x0800579d   Thumb Code    58  inv_mpu_dmp_motion_driver.o(i.dmp_enable_lp_quat)
    dmp_load_motion_driver_firmware          0x080057d9   Thumb Code    16  inv_mpu_dmp_motion_driver.o(i.dmp_load_motion_driver_firmware)
    dmp_read_fifo                            0x080057ed   Thumb Code   324  inv_mpu_dmp_motion_driver.o(i.dmp_read_fifo)
    dmp_set_accel_bias                       0x08005935   Thumb Code   210  inv_mpu_dmp_motion_driver.o(i.dmp_set_accel_bias)
    dmp_set_fifo_rate                        0x08005a0d   Thumb Code    82  inv_mpu_dmp_motion_driver.o(i.dmp_set_fifo_rate)
    dmp_set_gyro_bias                        0x08005a71   Thumb Code   196  inv_mpu_dmp_motion_driver.o(i.dmp_set_gyro_bias)
    dmp_set_orientation                      0x08005b3d   Thumb Code   246  inv_mpu_dmp_motion_driver.o(i.dmp_set_orientation)
    dmp_set_shake_reject_thresh              0x08005c49   Thumb Code    48  inv_mpu_dmp_motion_driver.o(i.dmp_set_shake_reject_thresh)
    dmp_set_shake_reject_time                0x08005c79   Thumb Code    32  inv_mpu_dmp_motion_driver.o(i.dmp_set_shake_reject_time)
    dmp_set_shake_reject_timeout             0x08005c99   Thumb Code    32  inv_mpu_dmp_motion_driver.o(i.dmp_set_shake_reject_timeout)
    dmp_set_tap_axes                         0x08005cb9   Thumb Code    64  inv_mpu_dmp_motion_driver.o(i.dmp_set_tap_axes)
    dmp_set_tap_count                        0x08005cf9   Thumb Code    34  inv_mpu_dmp_motion_driver.o(i.dmp_set_tap_count)
    dmp_set_tap_thresh                       0x08005d1d   Thumb Code   314  inv_mpu_dmp_motion_driver.o(i.dmp_set_tap_thresh)
    dmp_set_tap_time                         0x08005e7d   Thumb Code    32  inv_mpu_dmp_motion_driver.o(i.dmp_set_tap_time)
    dmp_set_tap_time_multi                   0x08005e9d   Thumb Code    32  inv_mpu_dmp_motion_driver.o(i.dmp_set_tap_time_multi)
    fabs                                     0x08005ebd   Thumb Code    24  fabs.o(i.fabs)
    fputc                                    0x08005ed5   Thumb Code    24  sys.o(i.fputc)
    i2cRead                                  0x0800638d   Thumb Code   112  ioi2c.o(i.i2cRead)
    i2cWrite                                 0x080063fd   Thumb Code    80  ioi2c.o(i.i2cWrite)
    imu_task                                 0x0800644d   Thumb Code    16  freertos.o(i.imu_task)
    led_timer                                0x080064a5   Thumb Code     8  freertos.o(i.led_timer)
    main                                     0x080064b1   Thumb Code    46  main.o(i.main)
    mpu_configure_fifo                       0x080064e1   Thumb Code    78  inv_mpu.o(i.mpu_configure_fifo)
    mpu_get_accel_fsr                        0x08006535   Thumb Code    54  inv_mpu.o(i.mpu_get_accel_fsr)
    mpu_get_accel_sens                       0x08006571   Thumb Code    62  inv_mpu.o(i.mpu_get_accel_sens)
    mpu_get_gyro_fsr                         0x080065b5   Thumb Code    48  inv_mpu.o(i.mpu_get_gyro_fsr)
    mpu_get_gyro_sens                        0x080065e9   Thumb Code    54  inv_mpu.o(i.mpu_get_gyro_sens)
    mpu_get_lpf                              0x08006635   Thumb Code    52  inv_mpu.o(i.mpu_get_lpf)
    mpu_get_sample_rate                      0x0800666d   Thumb Code    22  inv_mpu.o(i.mpu_get_sample_rate)
    mpu_init                                 0x08006689   Thumb Code   310  inv_mpu.o(i.mpu_init)
    mpu_load_firmware                        0x08006811   Thumb Code   154  inv_mpu.o(i.mpu_load_firmware)
    mpu_lp_accel_mode                        0x080068b1   Thumb Code   178  inv_mpu.o(i.mpu_lp_accel_mode)
    mpu_read_fifo_stream                     0x08006969   Thumb Code    96  inv_mpu.o(i.mpu_read_fifo_stream)
    mpu_read_mem                             0x080069cd   Thumb Code    80  inv_mpu.o(i.mpu_read_mem)
    mpu_reset_fifo                           0x08006a21   Thumb Code   330  inv_mpu.o(i.mpu_reset_fifo)
    mpu_run_self_test                        0x08006b71   Thumb Code   234  inv_mpu.o(i.mpu_run_self_test)
    mpu_set_accel_fsr                        0x08006c61   Thumb Code    98  inv_mpu.o(i.mpu_set_accel_fsr)
    mpu_set_bypass                           0x08006cc9   Thumb Code   214  inv_mpu.o(i.mpu_set_bypass)
    mpu_set_dmp_state                        0x08006da5   Thumb Code   114  inv_mpu.o(i.mpu_set_dmp_state)
    mpu_set_gyro_fsr                         0x08006e1d   Thumb Code   104  inv_mpu.o(i.mpu_set_gyro_fsr)
    mpu_set_int_latched                      0x08006e89   Thumb Code    94  inv_mpu.o(i.mpu_set_int_latched)
    mpu_set_lpf                              0x08006eed   Thumb Code   102  inv_mpu.o(i.mpu_set_lpf)
    mpu_set_sample_rate                      0x08006f59   Thumb Code   124  inv_mpu.o(i.mpu_set_sample_rate)
    mpu_set_sensors                          0x08006fd9   Thumb Code   178  inv_mpu.o(i.mpu_set_sensors)
    mpu_write_mem                            0x08007091   Thumb Code    80  inv_mpu.o(i.mpu_write_mem)
    myget_ms                                 0x080070e5   Thumb Code     2  inv_mpu.o(i.myget_ms)
    osDelay                                  0x080070e9   Thumb Code    46  cmsis_os2.o(i.osDelay)
    osKernelInitialize                       0x0800711d   Thumb Code    48  cmsis_os2.o(i.osKernelInitialize)
    osKernelStart                            0x08007151   Thumb Code    56  cmsis_os2.o(i.osKernelStart)
    osThreadNew                              0x0800718d   Thumb Code   158  cmsis_os2.o(i.osThreadNew)
    osTimerNew                               0x08007231   Thumb Code   124  cmsis_os2.o(i.osTimerNew)
    osTimerStart                             0x080072b5   Thumb Code    70  cmsis_os2.o(i.osTimerStart)
    pvPortMalloc                             0x08007ae5   Thumb Code   210  heap_4.o(i.pvPortMalloc)
    pvTimerGetTimerID                        0x08007bbd   Thumb Code    36  timers.o(i.pvTimerGetTimerID)
    pxPortInitialiseStack                    0x08007be1   Thumb Code    40  port.o(i.pxPortInitialiseStack)
    remote_task                              0x08007c0d   Thumb Code    52  freertos.o(i.remote_task)
    robotcmd_task                            0x08007c45   Thumb Code    16  freertos.o(i.robotcmd_task)
    snycWrite                                0x08007d59   Thumb Code   192  rx_28.o(i.snycWrite)
    sqrt                                     0x08007e1d   Thumb Code   110  sqrt.o(i.sqrt)
    uxListRemove                             0x08007e8b   Thumb Code    38  list.o(i.uxListRemove)
    vApplicationGetIdleTaskMemory            0x08007eb1   Thumb Code    16  cmsis_os2.o(i.vApplicationGetIdleTaskMemory)
    vApplicationGetTimerTaskMemory           0x08007ec5   Thumb Code    18  cmsis_os2.o(i.vApplicationGetTimerTaskMemory)
    vListInitialise                          0x08007edd   Thumb Code    22  list.o(i.vListInitialise)
    vListInitialiseItem                      0x08007ef3   Thumb Code     6  list.o(i.vListInitialiseItem)
    vListInsert                              0x08007ef9   Thumb Code    48  list.o(i.vListInsert)
    vListInsertEnd                           0x08007f29   Thumb Code    24  list.o(i.vListInsertEnd)
    vPortEnterCritical                       0x08007f41   Thumb Code    54  port.o(i.vPortEnterCritical)
    vPortExitCritical                        0x08007f81   Thumb Code    34  port.o(i.vPortExitCritical)
    vPortFree                                0x08007fa9   Thumb Code    88  heap_4.o(i.vPortFree)
    vPortSetupTimerInterrupt                 0x08008005   Thumb Code    32  port.o(i.vPortSetupTimerInterrupt)
    vPortValidateInterruptPriority           0x08008029   Thumb Code    74  port.o(i.vPortValidateInterruptPriority)
    vQueueAddToRegistry                      0x0800807d   Thumb Code    34  queue.o(i.vQueueAddToRegistry)
    vQueueWaitForMessageRestricted           0x080080a5   Thumb Code    68  queue.o(i.vQueueWaitForMessageRestricted)
    vTaskDelay                               0x080080e9   Thumb Code    66  tasks.o(i.vTaskDelay)
    vTaskInternalSetTimeOutState             0x08008135   Thumb Code    12  tasks.o(i.vTaskInternalSetTimeOutState)
    vTaskMissedYield                         0x08008145   Thumb Code     8  tasks.o(i.vTaskMissedYield)
    vTaskPlaceOnEventList                    0x08008151   Thumb Code    44  tasks.o(i.vTaskPlaceOnEventList)
    vTaskPlaceOnEventListRestricted          0x08008181   Thumb Code    52  tasks.o(i.vTaskPlaceOnEventListRestricted)
    vTaskStartScheduler                      0x080081b9   Thumb Code   118  tasks.o(i.vTaskStartScheduler)
    vTaskSuspendAll                          0x08008241   Thumb Code    10  tasks.o(i.vTaskSuspendAll)
    vTaskSwitchContext                       0x08008251   Thumb Code    90  tasks.o(i.vTaskSwitchContext)
    xPortStartScheduler                      0x080082b5   Thumb Code   222  port.o(i.xPortStartScheduler)
    xQueueGenericCreateStatic                0x080083a9   Thumb Code   102  queue.o(i.xQueueGenericCreateStatic)
    xQueueGenericReset                       0x08008411   Thumb Code   132  queue.o(i.xQueueGenericReset)
    xQueueGenericSend                        0x08008499   Thumb Code   346  queue.o(i.xQueueGenericSend)
    xQueueGenericSendFromISR                 0x080085f9   Thumb Code   188  queue.o(i.xQueueGenericSendFromISR)
    xQueueReceive                            0x080086b5   Thumb Code   308  queue.o(i.xQueueReceive)
    xTaskCheckForTimeOut                     0x080087ed   Thumb Code   112  tasks.o(i.xTaskCheckForTimeOut)
    xTaskCreate                              0x08008861   Thumb Code    90  tasks.o(i.xTaskCreate)
    xTaskCreateStatic                        0x080088bb   Thumb Code    86  tasks.o(i.xTaskCreateStatic)
    xTaskGetSchedulerState                   0x08008911   Thumb Code    22  tasks.o(i.xTaskGetSchedulerState)
    xTaskGetTickCount                        0x0800892d   Thumb Code     6  tasks.o(i.xTaskGetTickCount)
    xTaskIncrementTick                       0x08008939   Thumb Code   190  tasks.o(i.xTaskIncrementTick)
    xTaskPriorityDisinherit                  0x08008a01   Thumb Code   118  tasks.o(i.xTaskPriorityDisinherit)
    xTaskRemoveFromEventList                 0x08008a81   Thumb Code    98  tasks.o(i.xTaskRemoveFromEventList)
    xTaskResumeAll                           0x08008af1   Thumb Code   182  tasks.o(i.xTaskResumeAll)
    xTimerCreate                             0x08008bb5   Thumb Code    52  timers.o(i.xTimerCreate)
    xTimerCreateStatic                       0x08008be9   Thumb Code    46  timers.o(i.xTimerCreateStatic)
    xTimerCreateTimerTask                    0x08008c19   Thumb Code    78  timers.o(i.xTimerCreateTimerTask)
    xTimerGenericCommand                     0x08008c79   Thumb Code    98  timers.o(i.xTimerGenericCommand)
    RobotCmd_attributes                      0x08008ce0   Data          36  freertos.o(.constdata)
    Imu_attributes                           0x08008d04   Data          36  freertos.o(.constdata)
    Body_attributes                          0x08008d28   Data          36  freertos.o(.constdata)
    Remote_attributes                        0x08008d4c   Data          36  freertos.o(.constdata)
    SendData_attributes                      0x08008d70   Data          36  freertos.o(.constdata)
    led_attributes                           0x08008d94   Data          16  freertos.o(.constdata)
    AHBPrescTable                            0x08008da4   Data          16  system_stm32f4xx.o(.constdata)
    APBPrescTable                            0x08008db4   Data           8  system_stm32f4xx.o(.constdata)
    hw                                       0x08008dbc   Data          12  inv_mpu.o(.constdata)
    reg                                      0x08008dc8   Data          27  inv_mpu.o(.constdata)
    test                                     0x08008de4   Data          40  inv_mpu.o(.constdata)
    __mathlib_zero                           0x08009b70   Data           8  qnan.o(.constdata)
    Region$$Table$$Base                      0x08009ce8   Number         0  anon$$obj.o(Region$$Table)
    Region$$Table$$Limit                     0x08009d08   Number         0  anon$$obj.o(Region$$Table)
    RobotCmdHandle                           0x20000000   Data           4  freertos.o(.data)
    ImuHandle                                0x20000004   Data           4  freertos.o(.data)
    BodyHandle                               0x20000008   Data           4  freertos.o(.data)
    RemoteHandle                             0x2000000c   Data           4  freertos.o(.data)
    SendDataHandle                           0x20000010   Data           4  freertos.o(.data)
    ledHandle                                0x20000014   Data           4  freertos.o(.data)
    uwTickFreq                               0x20000020   Data           1  stm32f4xx_hal.o(.data)
    uwTickPrio                               0x20000024   Data           4  stm32f4xx_hal.o(.data)
    uwTick                                   0x20000028   Data           4  stm32f4xx_hal.o(.data)
    SystemCoreClock                          0x2000002c   Data           4  system_stm32f4xx.o(.data)
    pxCurrentTCB                             0x20000030   Data           4  tasks.o(.data)
    sensors                                  0x200000a8   Data           2  mpu6050.o(.data)
    q0                                       0x200000ac   Data           4  mpu6050.o(.data)
    q1                                       0x200000b0   Data           4  mpu6050.o(.data)
    q2                                       0x200000b4   Data           4  mpu6050.o(.data)
    q3                                       0x200000b8   Data           4  mpu6050.o(.data)
    Pitch                                    0x200000bc   Data           4  mpu6050.o(.data)
    Yaw                                      0x200000c0   Data           4  mpu6050.o(.data)
    Roll                                     0x200000c4   Data           4  mpu6050.o(.data)
    gyro                                     0x200000c8   Data           6  mpu6050.o(.data)
    accel                                    0x200000ce   Data           6  mpu6050.o(.data)
    init_position                            0x20000110   Data          48  body_task.o(.data)
    __stdout                                 0x20000140   Data           4  stdout.o(.data)
    hsram1                                   0x20000148   Data          80  fsmc.o(.bss)
    hspi1                                    0x20000198   Data          88  spi.o(.bss)
    huart1                                   0x200001f0   Data          64  usart.o(.bss)
    huart2                                   0x20000230   Data          64  usart.o(.bss)
    huart3                                   0x20000270   Data          64  usart.o(.bss)
    htim7                                    0x200002b0   Data          64  stm32f4xx_hal_timebase_tim.o(.bss)
    xQueueRegistry                           0x200002f0   Data          64  queue.o(.bss)
    tmp_buf                                  0x20004bc4   Data           9  remote.o(.bss)
    remote                                   0x20004bd0   Data          76  remote.o(.bss)
    FR_Leg                                   0x20004c2c   Data          76  body_task.o(.bss)
    FL_Leg                                   0x20004c78   Data          76  body_task.o(.bss)
    BL_Leg                                   0x20004cc4   Data          76  body_task.o(.bss)
    BR_Leg                                   0x20004d10   Data          76  body_task.o(.bss)
    body                                     0x20004d5c   Data          28  body_task.o(.bss)
    __initial_sp                             0x20005178   Data           0  startup_stm32f407xx.o(STACK)



==============================================================================

Memory Map of the image

  Image Entry point : 0x08000189

  Load Region LR_IROM1 (Base: 0x08000000, Size: 0x00009e50, Max: 0x00100000, ABSOLUTE, COMPRESSED[0x00009d50])

    Execution Region ER_IROM1 (Exec base: 0x08000000, Load base: 0x08000000, Size: 0x00009d08, Max: 0x00100000, ABSOLUTE)

    Exec Addr    Load Addr    Size         Type   Attr      Idx    E Section Name        Object

    0x08000000   0x08000000   0x00000188   Data   RO          792    RESET               startup_stm32f407xx.o
    0x08000188   0x08000188   0x00000000   Code   RO         6605  * .ARM.Collect$$$$00000000  mc_w.l(entry.o)
    0x08000188   0x08000188   0x00000004   Code   RO         6952    .ARM.Collect$$$$00000001  mc_w.l(entry2.o)
    0x0800018c   0x0800018c   0x00000004   Code   RO         6955    .ARM.Collect$$$$00000004  mc_w.l(entry5.o)
    0x08000190   0x08000190   0x00000000   Code   RO         6957    .ARM.Collect$$$$00000008  mc_w.l(entry7b.o)
    0x08000190   0x08000190   0x00000000   Code   RO         6959    .ARM.Collect$$$$0000000A  mc_w.l(entry8b.o)
    0x08000190   0x08000190   0x00000008   Code   RO         6960    .ARM.Collect$$$$0000000B  mc_w.l(entry9a.o)
    0x08000198   0x08000198   0x00000000   Code   RO         6962    .ARM.Collect$$$$0000000D  mc_w.l(entry10a.o)
    0x08000198   0x08000198   0x00000000   Code   RO         6964    .ARM.Collect$$$$0000000F  mc_w.l(entry11a.o)
    0x08000198   0x08000198   0x00000004   Code   RO         6953    .ARM.Collect$$$$00002712  mc_w.l(entry2.o)
    0x0800019c   0x0800019c   0x000000be   Code   RO         5365    .emb_text           port.o
    0x0800025a   0x0800025a   0x00000002   PAD
    0x0800025c   0x0800025c   0x00000024   Code   RO          793    .text               startup_stm32f407xx.o
    0x08000280   0x08000280   0x00000062   Code   RO         6608    .text               mc_w.l(uldiv.o)
    0x080002e2   0x080002e2   0x00000062   Code   RO         6610    .text               mc_w.l(ldiv.o)
    0x08000344   0x08000344   0x00000024   Code   RO         6612    .text               mc_w.l(memcpya.o)
    0x08000368   0x08000368   0x00000024   Code   RO         6616    .text               mc_w.l(memseta.o)
    0x0800038c   0x0800038c   0x0000001a   Code   RO         6618    .text               mc_w.l(memcmp.o)
    0x080003a6   0x080003a6   0x0000014e   Code   RO         6883    .text               mf_w.l(dadd.o)
    0x080004f4   0x080004f4   0x000000e4   Code   RO         6885    .text               mf_w.l(dmul.o)
    0x080005d8   0x080005d8   0x000000de   Code   RO         6887    .text               mf_w.l(ddiv.o)
    0x080006b6   0x080006b6   0x0000001a   Code   RO         6889    .text               mf_w.l(dfltui.o)
    0x080006d0   0x080006d0   0x0000003e   Code   RO         6891    .text               mf_w.l(dfixi.o)
    0x0800070e   0x0800070e   0x00000026   Code   RO         6893    .text               mf_w.l(f2d.o)
    0x08000734   0x08000734   0x00000030   Code   RO         6895    .text               mf_w.l(cdrcmple.o)
    0x08000764   0x08000764   0x00000038   Code   RO         6897    .text               mf_w.l(d2f.o)
    0x0800079c   0x0800079c   0x0000002c   Code   RO         6967    .text               mc_w.l(uidiv.o)
    0x080007c8   0x080007c8   0x0000001e   Code   RO         6969    .text               mc_w.l(llshl.o)
    0x080007e6   0x080007e6   0x00000020   Code   RO         6971    .text               mc_w.l(llushr.o)
    0x08000806   0x08000806   0x00000024   Code   RO         6973    .text               mc_w.l(llsshr.o)
    0x0800082a   0x0800082a   0x00000000   Code   RO         6982    .text               mc_w.l(iusefp.o)
    0x0800082a   0x0800082a   0x0000006e   Code   RO         6983    .text               mf_w.l(fepilogue.o)
    0x08000898   0x08000898   0x000000ba   Code   RO         6985    .text               mf_w.l(depilogue.o)
    0x08000952   0x08000952   0x000000a2   Code   RO         6989    .text               mf_w.l(dsqrt.o)
    0x080009f4   0x080009f4   0x00000030   Code   RO         6991    .text               mf_w.l(dfixul.o)
    0x08000a24   0x08000a24   0x00000024   Code   RO         6995    .text               mc_w.l(init.o)
    0x08000a48   0x08000a48   0x00000022   Code   RO         6997    .text               mf_w.l(dflti.o)
    0x08000a6a   0x08000a6a   0x00000056   Code   RO         7007    .text               mc_w.l(__dczerorl2.o)
    0x08000ac0   0x08000ac0   0x00000018   Code   RO         6407    i.Abs               body_task.o
    0x08000ad8   0x08000ad8   0x000002f0   Code   RO         6408    i.AttitudeParse     body_task.o
    0x08000dc8   0x08000dc8   0x0000015c   Code   RO         6409    i.BodyChange        body_task.o
    0x08000f24   0x08000f24   0x000000d0   Code   RO         6410    i.BodyInit          body_task.o
    0x08000ff4   0x08000ff4   0x0000004c   Code   RO         6495    i.BodyParamChange   robotcmd.o
    0x08001040   0x08001040   0x00000002   Code   RO          648    i.BusFault_Handler  stm32f4xx_it.o
    0x08001042   0x08001042   0x00000002   PAD
    0x08001044   0x08001044   0x00000018   Code   RO         6411    i.ClearLegData      body_task.o
    0x0800105c   0x0800105c   0x0000023c   Code   RO         5622    i.DMP_Init          mpu6050.o
    0x08001298   0x08001298   0x00000002   Code   RO          649    i.DebugMon_Handler  stm32f4xx_it.o
    0x0800129a   0x0800129a   0x00000002   Code   RO            4    i.Error_Handler     main.o
    0x0800129c   0x0800129c   0x00000040   Code   RO         1940    i.FSMC_NORSRAM_Extended_Timing_Init  stm32f4xx_ll_fsmc.o
    0x080012dc   0x080012dc   0x00000054   Code   RO         1941    i.FSMC_NORSRAM_Init  stm32f4xx_ll_fsmc.o
    0x08001330   0x08001330   0x00000044   Code   RO         1942    i.FSMC_NORSRAM_Timing_Init  stm32f4xx_ll_fsmc.o
    0x08001374   0x08001374   0x00000024   Code   RO         1263    i.HAL_DMA_Abort_IT  stm32f4xx_hal_dma.o
    0x08001398   0x08001398   0x00000024   Code   RO         1681    i.HAL_Delay         stm32f4xx_hal.o
    0x080013bc   0x080013bc   0x000000a8   Code   RO          504    i.HAL_FSMC_MspInit  fsmc.o
    0x08001464   0x08001464   0x000001b8   Code   RO         1155    i.HAL_GPIO_Init     stm32f4xx_hal_gpio.o
    0x0800161c   0x0800161c   0x0000000a   Code   RO         1157    i.HAL_GPIO_ReadPin  stm32f4xx_hal_gpio.o
    0x08001626   0x08001626   0x0000000e   Code   RO         1158    i.HAL_GPIO_TogglePin  stm32f4xx_hal_gpio.o
    0x08001634   0x08001634   0x0000000a   Code   RO         1159    i.HAL_GPIO_WritePin  stm32f4xx_hal_gpio.o
    0x0800163e   0x0800163e   0x00000002   PAD
    0x08001640   0x08001640   0x0000000c   Code   RO         1687    i.HAL_GetTick       stm32f4xx_hal.o
    0x0800164c   0x0800164c   0x00000010   Code   RO         1693    i.HAL_IncTick       stm32f4xx_hal.o
    0x0800165c   0x0800165c   0x00000034   Code   RO         1694    i.HAL_Init          stm32f4xx_hal.o
    0x08001690   0x08001690   0x00000074   Code   RO          754    i.HAL_InitTick      stm32f4xx_hal_timebase_tim.o
    0x08001704   0x08001704   0x00000038   Code   RO          730    i.HAL_MspInit       stm32f4xx_hal_msp.o
    0x0800173c   0x0800173c   0x0000001a   Code   RO         1544    i.HAL_NVIC_EnableIRQ  stm32f4xx_hal_cortex.o
    0x08001756   0x08001756   0x00000002   PAD
    0x08001758   0x08001758   0x00000040   Code   RO         1550    i.HAL_NVIC_SetPriority  stm32f4xx_hal_cortex.o
    0x08001798   0x08001798   0x00000024   Code   RO         1551    i.HAL_NVIC_SetPriorityGrouping  stm32f4xx_hal_cortex.o
    0x080017bc   0x080017bc   0x00000134   Code   RO          801    i.HAL_RCC_ClockConfig  stm32f4xx_hal_rcc.o
    0x080018f0   0x080018f0   0x00000040   Code   RO          805    i.HAL_RCC_GetClockConfig  stm32f4xx_hal_rcc.o
    0x08001930   0x08001930   0x00000020   Code   RO          808    i.HAL_RCC_GetPCLK1Freq  stm32f4xx_hal_rcc.o
    0x08001950   0x08001950   0x00000020   Code   RO          809    i.HAL_RCC_GetPCLK2Freq  stm32f4xx_hal_rcc.o
    0x08001970   0x08001970   0x00000064   Code   RO          810    i.HAL_RCC_GetSysClockFreq  stm32f4xx_hal_rcc.o
    0x080019d4   0x080019d4   0x0000035c   Code   RO          813    i.HAL_RCC_OscConfig  stm32f4xx_hal_rcc.o
    0x08001d30   0x08001d30   0x00000080   Code   RO         2189    i.HAL_SPI_Init      stm32f4xx_hal_spi.o
    0x08001db0   0x08001db0   0x00000068   Code   RO          553    i.HAL_SPI_MspInit   spi.o
    0x08001e18   0x08001e18   0x00000056   Code   RO         2062    i.HAL_SRAM_Init     stm32f4xx_hal_sram.o
    0x08001e6e   0x08001e6e   0x00000004   Code   RO          506    i.HAL_SRAM_MspInit  fsmc.o
    0x08001e72   0x08001e72   0x00000002   Code   RO         3177    i.HAL_TIMEx_BreakCallback  stm32f4xx_hal_tim_ex.o
    0x08001e74   0x08001e74   0x00000002   Code   RO         3178    i.HAL_TIMEx_CommutCallback  stm32f4xx_hal_tim_ex.o
    0x08001e76   0x08001e76   0x00000036   Code   RO         2502    i.HAL_TIM_Base_Init  stm32f4xx_hal_tim.o
    0x08001eac   0x08001eac   0x00000002   Code   RO         2504    i.HAL_TIM_Base_MspInit  stm32f4xx_hal_tim.o
    0x08001eae   0x08001eae   0x00000022   Code   RO         2507    i.HAL_TIM_Base_Start_IT  stm32f4xx_hal_tim.o
    0x08001ed0   0x08001ed0   0x00000002   Code   RO         2531    i.HAL_TIM_IC_CaptureCallback  stm32f4xx_hal_tim.o
    0x08001ed2   0x08001ed2   0x00000166   Code   RO         2545    i.HAL_TIM_IRQHandler  stm32f4xx_hal_tim.o
    0x08002038   0x08002038   0x00000002   Code   RO         2548    i.HAL_TIM_OC_DelayElapsedCallback  stm32f4xx_hal_tim.o
    0x0800203a   0x0800203a   0x00000002   Code   RO         2575    i.HAL_TIM_PWM_PulseFinishedCallback  stm32f4xx_hal_tim.o
    0x0800203c   0x0800203c   0x00000014   Code   RO            5    i.HAL_TIM_PeriodElapsedCallback  main.o
    0x08002050   0x08002050   0x00000002   Code   RO         2588    i.HAL_TIM_TriggerCallback  stm32f4xx_hal_tim.o
    0x08002052   0x08002052   0x00000002   Code   RO         3449    i.HAL_UART_ErrorCallback  stm32f4xx_hal_uart.o
    0x08002054   0x08002054   0x00000114   Code   RO         3452    i.HAL_UART_IRQHandler  stm32f4xx_hal_uart.o
    0x08002168   0x08002168   0x00000062   Code   RO         3453    i.HAL_UART_Init     stm32f4xx_hal_uart.o
    0x080021ca   0x080021ca   0x00000002   PAD
    0x080021cc   0x080021cc   0x0000011c   Code   RO          595    i.HAL_UART_MspInit  usart.o
    0x080022e8   0x080022e8   0x00000002   Code   RO         3459    i.HAL_UART_RxCpltCallback  stm32f4xx_hal_uart.o
    0x080022ea   0x080022ea   0x000000ba   Code   RO         3461    i.HAL_UART_Transmit  stm32f4xx_hal_uart.o
    0x080023a4   0x080023a4   0x00000002   Code   RO         3464    i.HAL_UART_TxCpltCallback  stm32f4xx_hal_uart.o
    0x080023a6   0x080023a6   0x00000002   Code   RO          650    i.HardFault_Handler  stm32f4xx_it.o
    0x080023a8   0x080023a8   0x00000040   Code   RO         5486    i.IIC_Ack           ioi2c.o
    0x080023e8   0x080023e8   0x00000014   Code   RO         5487    i.IIC_Delay         ioi2c.o
    0x080023fc   0x080023fc   0x0000003c   Code   RO         5489    i.IIC_NAck          ioi2c.o
    0x08002438   0x08002438   0x00000078   Code   RO         5490    i.IIC_Read_Byte     ioi2c.o
    0x080024b0   0x080024b0   0x0000002c   Code   RO         5491    i.IIC_SDA_In        ioi2c.o
    0x080024dc   0x080024dc   0x00000030   Code   RO         5492    i.IIC_SDA_Out       ioi2c.o
    0x0800250c   0x0800250c   0x00000068   Code   RO         5493    i.IIC_Send_Byte     ioi2c.o
    0x08002574   0x08002574   0x00000048   Code   RO         5494    i.IIC_Start         ioi2c.o
    0x080025bc   0x080025bc   0x0000004c   Code   RO         5495    i.IIC_Stop          ioi2c.o
    0x08002608   0x08002608   0x00000064   Code   RO         5496    i.IIC_Wait_Ack      ioi2c.o
    0x0800266c   0x0800266c   0x00000020   Code   RO         6496    i.LedStateChange    robotcmd.o
    0x0800268c   0x0800268c   0x00000198   Code   RO         6412    i.LegCalc           body_task.o
    0x08002824   0x08002824   0x00000028   Code   RO         6413    i.LegChange         body_task.o
    0x0800284c   0x0800284c   0x00000190   Code   RO         6414    i.ListLeg           body_task.o
    0x080029dc   0x080029dc   0x00000084   Code   RO          262    i.MX_FREERTOS_Init  freertos.o
    0x08002a60   0x08002a60   0x00000074   Code   RO          507    i.MX_FSMC_Init      fsmc.o
    0x08002ad4   0x08002ad4   0x00000120   Code   RO          238    i.MX_GPIO_Init      gpio.o
    0x08002bf4   0x08002bf4   0x00000044   Code   RO          554    i.MX_SPI1_Init      spi.o
    0x08002c38   0x08002c38   0x00000038   Code   RO          596    i.MX_USART1_UART_Init  usart.o
    0x08002c70   0x08002c70   0x0000003c   Code   RO          597    i.MX_USART2_UART_Init  usart.o
    0x08002cac   0x08002cac   0x00000038   Code   RO          598    i.MX_USART3_UART_Init  usart.o
    0x08002ce4   0x08002ce4   0x00000002   Code   RO          651    i.MemManage_Handler  stm32f4xx_it.o
    0x08002ce6   0x08002ce6   0x00000002   PAD
    0x08002ce8   0x08002ce8   0x0000014c   Code   RO         6415    i.Move              body_task.o
    0x08002e34   0x08002e34   0x00000002   Code   RO          652    i.NMI_Handler       stm32f4xx_it.o
    0x08002e36   0x08002e36   0x00000002   PAD
    0x08002e38   0x08002e38   0x000001b0   Code   RO         5633    i.Read_DMP          mpu6050.o
    0x08002fe8   0x08002fe8   0x000000b8   Code   RO          263    i.SendDataTask      freertos.o
    0x080030a0   0x080030a0   0x00000040   Code   RO         6416    i.ServoSendData     body_task.o
    0x080030e0   0x080030e0   0x0000002c   Code   RO         5366    i.SysTick_Handler   port.o
    0x0800310c   0x0800310c   0x00000088   Code   RO            6    i.SystemClock_Config  main.o
    0x08003194   0x08003194   0x0000001c   Code   RO         3755    i.SystemInit        system_stm32f4xx.o
    0x080031b0   0x080031b0   0x0000000c   Code   RO          653    i.TIM7_IRQHandler   stm32f4xx_it.o
    0x080031bc   0x080031bc   0x000000c8   Code   RO         2590    i.TIM_Base_SetConfig  stm32f4xx_hal_tim.o
    0x08003284   0x08003284   0x00000018   Code   RO         4885    i.TimerCallback     cmsis_os2.o
    0x0800329c   0x0800329c   0x00000010   Code   RO         3466    i.UART_DMAAbortOnError  stm32f4xx_hal_uart.o
    0x080032ac   0x080032ac   0x0000001c   Code   RO         3476    i.UART_EndRxTransfer  stm32f4xx_hal_uart.o
    0x080032c8   0x080032c8   0x00000096   Code   RO         3478    i.UART_Receive_IT   stm32f4xx_hal_uart.o
    0x0800335e   0x0800335e   0x00000002   PAD
    0x08003360   0x08003360   0x00000128   Code   RO         3479    i.UART_SetConfig    stm32f4xx_hal_uart.o
    0x08003488   0x08003488   0x00000062   Code   RO         3480    i.UART_Transmit_IT  stm32f4xx_hal_uart.o
    0x080034ea   0x080034ea   0x00000064   Code   RO         3481    i.UART_WaitOnFlagUntilTimeout  stm32f4xx_hal_uart.o
    0x0800354e   0x0800354e   0x00000002   PAD
    0x08003550   0x08003550   0x0000000c   Code   RO          654    i.USART1_IRQHandler  stm32f4xx_it.o
    0x0800355c   0x0800355c   0x0000000c   Code   RO          655    i.USART2_IRQHandler  stm32f4xx_it.o
    0x08003568   0x08003568   0x0000000c   Code   RO          656    i.USART3_IRQHandler  stm32f4xx_it.o
    0x08003574   0x08003574   0x00000002   Code   RO          657    i.UsageFault_Handler  stm32f4xx_it.o
    0x08003576   0x08003576   0x00000002   PAD
    0x08003578   0x08003578   0x00000020   Code   RO         6855    i.__0printf         mc_w.l(printfa.o)
    0x08003598   0x08003598   0x00000030   Code   RO         6936    i.__ARM_fpclassify  m_wm.l(fpclassify.o)
    0x080035c8   0x080035c8   0x00000020   Code   RO         1557    i.__NVIC_SetPriority  stm32f4xx_hal_cortex.o
    0x080035e8   0x080035e8   0x00000358   Code   RO         6529    i.__hardfp_acos     m_wm.l(acos.o)
    0x08003940   0x08003940   0x00000360   Code   RO         6543    i.__hardfp_asin     m_wm.l(asin.o)
    0x08003ca0   0x08003ca0   0x000002d8   Code   RO         6899    i.__hardfp_atan     m_wm.l(atan.o)
    0x08003f78   0x08003f78   0x000001f0   Code   RO         6557    i.__hardfp_atan2    m_wm.l(atan2.o)
    0x08004168   0x08004168   0x000000c8   Code   RO         6569    i.__hardfp_cos      m_wm.l(cos.o)
    0x08004230   0x08004230   0x000000c8   Code   RO         6581    i.__hardfp_sin      m_wm.l(sin.o)
    0x080042f8   0x080042f8   0x0000007a   Code   RO         6593    i.__hardfp_sqrt     m_wm.l(sqrt.o)
    0x08004372   0x08004372   0x00000006   PAD
    0x08004378   0x08004378   0x00000438   Code   RO         6941    i.__ieee754_rem_pio2  m_wm.l(rred.o)
    0x080047b0   0x080047b0   0x00000170   Code   RO         6913    i.__kernel_cos      m_wm.l(cos_i.o)
    0x08004920   0x08004920   0x000000f8   Code   RO         6938    i.__kernel_poly     m_wm.l(poly.o)
    0x08004a18   0x08004a18   0x00000130   Code   RO         6946    i.__kernel_sin      m_wm.l(sin_i.o)
    0x08004b48   0x08004b48   0x00000014   Code   RO         6917    i.__mathlib_dbl_infnan  m_wm.l(dunder.o)
    0x08004b5c   0x08004b5c   0x00000014   Code   RO         6918    i.__mathlib_dbl_infnan2  m_wm.l(dunder.o)
    0x08004b70   0x08004b70   0x00000020   Code   RO         6919    i.__mathlib_dbl_invalid  m_wm.l(dunder.o)
    0x08004b90   0x08004b90   0x00000020   Code   RO         6922    i.__mathlib_dbl_underflow  m_wm.l(dunder.o)
    0x08004bb0   0x08004bb0   0x0000000e   Code   RO         7001    i.__scatterload_copy  mc_w.l(handlers.o)
    0x08004bbe   0x08004bbe   0x00000002   Code   RO         7002    i.__scatterload_null  mc_w.l(handlers.o)
    0x08004bc0   0x08004bc0   0x0000000e   Code   RO         7003    i.__scatterload_zeroinit  mc_w.l(handlers.o)
    0x08004bce   0x08004bce   0x00000002   PAD
    0x08004bd0   0x08004bd0   0x0000000c   Code   RO         6977    i.__set_errno       mc_w.l(errno.o)
    0x08004bdc   0x08004bdc   0x00000184   Code   RO         6862    i._fp_digits        mc_w.l(printfa.o)
    0x08004d60   0x08004d60   0x000006dc   Code   RO         6863    i._printf_core      mc_w.l(printfa.o)
    0x0800543c   0x0800543c   0x00000024   Code   RO         6864    i._printf_post_padding  mc_w.l(printfa.o)
    0x08005460   0x08005460   0x0000002e   Code   RO         6865    i._printf_pre_padding  mc_w.l(printfa.o)
    0x0800548e   0x0800548e   0x00000002   PAD
    0x08005490   0x08005490   0x00000090   Code   RO         5927    i.accel_self_test   inv_mpu.o
    0x08005520   0x08005520   0x00000010   Code   RO         6901    i.atan              m_wm.l(atan.o)
    0x08005530   0x08005530   0x00000018   Code   RO          264    i.body_task         freertos.o
    0x08005548   0x08005548   0x00000004   Code   RO         5445    i.delay_ms          delay.o
    0x0800554c   0x0800554c   0x0000003a   Code   RO         6228    i.dmp_enable_6x_lp_quat  inv_mpu_dmp_motion_driver.o
    0x08005586   0x08005586   0x00000002   PAD
    0x08005588   0x08005588   0x000001d8   Code   RO         6229    i.dmp_enable_feature  inv_mpu_dmp_motion_driver.o
    0x08005760   0x08005760   0x0000003c   Code   RO         6230    i.dmp_enable_gyro_cal  inv_mpu_dmp_motion_driver.o
    0x0800579c   0x0800579c   0x0000003a   Code   RO         6231    i.dmp_enable_lp_quat  inv_mpu_dmp_motion_driver.o
    0x080057d6   0x080057d6   0x00000002   PAD
    0x080057d8   0x080057d8   0x00000014   Code   RO         6236    i.dmp_load_motion_driver_firmware  inv_mpu_dmp_motion_driver.o
    0x080057ec   0x080057ec   0x00000148   Code   RO         6237    i.dmp_read_fifo     inv_mpu_dmp_motion_driver.o
    0x08005934   0x08005934   0x000000d8   Code   RO         6240    i.dmp_set_accel_bias  inv_mpu_dmp_motion_driver.o
    0x08005a0c   0x08005a0c   0x00000064   Code   RO         6241    i.dmp_set_fifo_rate  inv_mpu_dmp_motion_driver.o
    0x08005a70   0x08005a70   0x000000cc   Code   RO         6242    i.dmp_set_gyro_bias  inv_mpu_dmp_motion_driver.o
    0x08005b3c   0x08005b3c   0x0000010c   Code   RO         6244    i.dmp_set_orientation  inv_mpu_dmp_motion_driver.o
    0x08005c48   0x08005c48   0x00000030   Code   RO         6247    i.dmp_set_shake_reject_thresh  inv_mpu_dmp_motion_driver.o
    0x08005c78   0x08005c78   0x00000020   Code   RO         6248    i.dmp_set_shake_reject_time  inv_mpu_dmp_motion_driver.o
    0x08005c98   0x08005c98   0x00000020   Code   RO         6249    i.dmp_set_shake_reject_timeout  inv_mpu_dmp_motion_driver.o
    0x08005cb8   0x08005cb8   0x00000040   Code   RO         6250    i.dmp_set_tap_axes  inv_mpu_dmp_motion_driver.o
    0x08005cf8   0x08005cf8   0x00000022   Code   RO         6251    i.dmp_set_tap_count  inv_mpu_dmp_motion_driver.o
    0x08005d1a   0x08005d1a   0x00000002   PAD
    0x08005d1c   0x08005d1c   0x00000160   Code   RO         6252    i.dmp_set_tap_thresh  inv_mpu_dmp_motion_driver.o
    0x08005e7c   0x08005e7c   0x00000020   Code   RO         6253    i.dmp_set_tap_time  inv_mpu_dmp_motion_driver.o
    0x08005e9c   0x08005e9c   0x00000020   Code   RO         6254    i.dmp_set_tap_time_multi  inv_mpu_dmp_motion_driver.o
    0x08005ebc   0x08005ebc   0x00000018   Code   RO         6932    i.fabs              m_wm.l(fabs.o)
    0x08005ed4   0x08005ed4   0x0000001c   Code   RO         5788    i.fputc             sys.o
    0x08005ef0   0x08005ef0   0x000000b4   Code   RO         5928    i.get_accel_prod_shift  inv_mpu.o
    0x08005fa4   0x08005fa4   0x00000314   Code   RO         5929    i.get_st_biases     inv_mpu.o
    0x080062b8   0x080062b8   0x000000d4   Code   RO         5930    i.gyro_self_test    inv_mpu.o
    0x0800638c   0x0800638c   0x00000070   Code   RO         5503    i.i2cRead           ioi2c.o
    0x080063fc   0x080063fc   0x00000050   Code   RO         5504    i.i2cWrite          ioi2c.o
    0x0800644c   0x0800644c   0x00000010   Code   RO          265    i.imu_task          freertos.o
    0x0800645c   0x0800645c   0x00000048   Code   RO         5635    i.inv_row_2_scale   mpu6050.o
    0x080064a4   0x080064a4   0x0000000c   Code   RO          266    i.led_timer         freertos.o
    0x080064b0   0x080064b0   0x0000002e   Code   RO            7    i.main              main.o
    0x080064de   0x080064de   0x00000002   PAD
    0x080064e0   0x080064e0   0x00000054   Code   RO         5931    i.mpu_configure_fifo  inv_mpu.o
    0x08006534   0x08006534   0x0000003c   Code   RO         5932    i.mpu_get_accel_fsr  inv_mpu.o
    0x08006570   0x08006570   0x00000044   Code   RO         5934    i.mpu_get_accel_sens  inv_mpu.o
    0x080065b4   0x080065b4   0x00000034   Code   RO         5940    i.mpu_get_gyro_fsr  inv_mpu.o
    0x080065e8   0x080065e8   0x0000004c   Code   RO         5942    i.mpu_get_gyro_sens  inv_mpu.o
    0x08006634   0x08006634   0x00000038   Code   RO         5944    i.mpu_get_lpf       inv_mpu.o
    0x0800666c   0x0800666c   0x0000001c   Code   RO         5946    i.mpu_get_sample_rate  inv_mpu.o
    0x08006688   0x08006688   0x00000188   Code   RO         5948    i.mpu_init          inv_mpu.o
    0x08006810   0x08006810   0x000000a0   Code   RO         5949    i.mpu_load_firmware  inv_mpu.o
    0x080068b0   0x080068b0   0x000000b8   Code   RO         5950    i.mpu_lp_accel_mode  inv_mpu.o
    0x08006968   0x08006968   0x00000064   Code   RO         5953    i.mpu_read_fifo_stream  inv_mpu.o
    0x080069cc   0x080069cc   0x00000054   Code   RO         5954    i.mpu_read_mem      inv_mpu.o
    0x08006a20   0x08006a20   0x00000150   Code   RO         5957    i.mpu_reset_fifo    inv_mpu.o
    0x08006b70   0x08006b70   0x000000f0   Code   RO         5958    i.mpu_run_self_test  inv_mpu.o
    0x08006c60   0x08006c60   0x00000068   Code   RO         5960    i.mpu_set_accel_fsr  inv_mpu.o
    0x08006cc8   0x08006cc8   0x000000dc   Code   RO         5961    i.mpu_set_bypass    inv_mpu.o
    0x08006da4   0x08006da4   0x00000078   Code   RO         5963    i.mpu_set_dmp_state  inv_mpu.o
    0x08006e1c   0x08006e1c   0x0000006c   Code   RO         5964    i.mpu_set_gyro_fsr  inv_mpu.o
    0x08006e88   0x08006e88   0x00000064   Code   RO         5965    i.mpu_set_int_latched  inv_mpu.o
    0x08006eec   0x08006eec   0x0000006c   Code   RO         5967    i.mpu_set_lpf       inv_mpu.o
    0x08006f58   0x08006f58   0x00000080   Code   RO         5968    i.mpu_set_sample_rate  inv_mpu.o
    0x08006fd8   0x08006fd8   0x000000b8   Code   RO         5969    i.mpu_set_sensors   inv_mpu.o
    0x08007090   0x08007090   0x00000054   Code   RO         5970    i.mpu_write_mem     inv_mpu.o
    0x080070e4   0x080070e4   0x00000002   Code   RO         5971    i.myget_ms          inv_mpu.o
    0x080070e6   0x080070e6   0x00000002   PAD
    0x080070e8   0x080070e8   0x00000034   Code   RO         4886    i.osDelay           cmsis_os2.o
    0x0800711c   0x0800711c   0x00000034   Code   RO         4900    i.osKernelInitialize  cmsis_os2.o
    0x08007150   0x08007150   0x0000003c   Code   RO         4903    i.osKernelStart     cmsis_os2.o
    0x0800718c   0x0800718c   0x000000a4   Code   RO         4936    i.osThreadNew       cmsis_os2.o
    0x08007230   0x08007230   0x00000084   Code   RO         4945    i.osTimerNew        cmsis_os2.o
    0x080072b4   0x080072b4   0x0000004c   Code   RO         4946    i.osTimerStart      cmsis_os2.o
    0x08007300   0x08007300   0x0000005c   Code   RO         4367    i.prvAddCurrentTaskToDelayedList  tasks.o
    0x0800735c   0x0800735c   0x000000d0   Code   RO         4368    i.prvAddNewTaskToReadyList  tasks.o
    0x0800742c   0x0800742c   0x00000058   Code   RO         4720    i.prvCheckForValidListAndQueue  timers.o
    0x08007484   0x08007484   0x00000026   Code   RO         3964    i.prvCopyDataFromQueue  queue.o
    0x080074aa   0x080074aa   0x0000006c   Code   RO         3965    i.prvCopyDataToQueue  queue.o
    0x08007516   0x08007516   0x00000034   Code   RO         4369    i.prvDeleteTCB      tasks.o
    0x0800754a   0x0800754a   0x00000002   PAD
    0x0800754c   0x0800754c   0x0000004c   Code   RO         5316    i.prvHeapInit       heap_4.o
    0x08007598   0x08007598   0x00000060   Code   RO         4370    i.prvIdleTask       tasks.o
    0x080075f8   0x080075f8   0x00000022   Code   RO         3967    i.prvInitialiseNewQueue  queue.o
    0x0800761a   0x0800761a   0x00000002   PAD
    0x0800761c   0x0800761c   0x000000b0   Code   RO         4371    i.prvInitialiseNewTask  tasks.o
    0x080076cc   0x080076cc   0x0000004e   Code   RO         4721    i.prvInitialiseNewTimer  timers.o
    0x0800771a   0x0800771a   0x00000002   PAD
    0x0800771c   0x0800771c   0x0000004c   Code   RO         5317    i.prvInsertBlockIntoFreeList  heap_4.o
    0x08007768   0x08007768   0x00000038   Code   RO         4722    i.prvInsertTimerInActiveList  timers.o
    0x080077a0   0x080077a0   0x0000001c   Code   RO         3968    i.prvIsQueueEmpty   queue.o
    0x080077bc   0x080077bc   0x000000fc   Code   RO         4723    i.prvProcessReceivedCommands  timers.o
    0x080078b8   0x080078b8   0x000000c0   Code   RO         4724    i.prvProcessTimerOrBlockTask  timers.o
    0x08007978   0x08007978   0x00000020   Code   RO         4373    i.prvResetNextTaskUnblockTime  tasks.o
    0x08007998   0x08007998   0x00000028   Code   RO         4725    i.prvSampleTimeNow  timers.o
    0x080079c0   0x080079c0   0x0000006c   Code   RO         4726    i.prvSwitchTimerLists  timers.o
    0x08007a2c   0x08007a2c   0x00000028   Code   RO         5367    i.prvTaskExitError  port.o
    0x08007a54   0x08007a54   0x00000024   Code   RO         4727    i.prvTimerTask      timers.o
    0x08007a78   0x08007a78   0x0000006a   Code   RO         3969    i.prvUnlockQueue    queue.o
    0x08007ae2   0x08007ae2   0x00000002   PAD
    0x08007ae4   0x08007ae4   0x000000d8   Code   RO         5318    i.pvPortMalloc      heap_4.o
    0x08007bbc   0x08007bbc   0x00000024   Code   RO         4728    i.pvTimerGetTimerID  timers.o
    0x08007be0   0x08007be0   0x0000002c   Code   RO         5368    i.pxPortInitialiseStack  port.o
    0x08007c0c   0x08007c0c   0x00000038   Code   RO          267    i.remote_task       freertos.o
    0x08007c44   0x08007c44   0x00000010   Code   RO          268    i.robotcmd_task     freertos.o
    0x08007c54   0x08007c54   0x000000ac   Code   RO         5636    i.run_self_test     mpu6050.o
    0x08007d00   0x08007d00   0x00000058   Code   RO         5972    i.set_int_enable    inv_mpu.o
    0x08007d58   0x08007d58   0x000000c4   Code   RO         5745    i.snycWrite         rx_28.o
    0x08007e1c   0x08007e1c   0x0000006e   Code   RO         6595    i.sqrt              m_wm.l(sqrt.o)
    0x08007e8a   0x08007e8a   0x00000026   Code   RO         3924    i.uxListRemove      list.o
    0x08007eb0   0x08007eb0   0x00000014   Code   RO         4948    i.vApplicationGetIdleTaskMemory  cmsis_os2.o
    0x08007ec4   0x08007ec4   0x00000018   Code   RO         4949    i.vApplicationGetTimerTaskMemory  cmsis_os2.o
    0x08007edc   0x08007edc   0x00000016   Code   RO         3925    i.vListInitialise   list.o
    0x08007ef2   0x08007ef2   0x00000006   Code   RO         3926    i.vListInitialiseItem  list.o
    0x08007ef8   0x08007ef8   0x00000030   Code   RO         3927    i.vListInsert       list.o
    0x08007f28   0x08007f28   0x00000018   Code   RO         3928    i.vListInsertEnd    list.o
    0x08007f40   0x08007f40   0x00000040   Code   RO         5370    i.vPortEnterCritical  port.o
    0x08007f80   0x08007f80   0x00000028   Code   RO         5371    i.vPortExitCritical  port.o
    0x08007fa8   0x08007fa8   0x0000005c   Code   RO         5319    i.vPortFree         heap_4.o
    0x08008004   0x08008004   0x00000024   Code   RO         5372    i.vPortSetupTimerInterrupt  port.o
    0x08008028   0x08008028   0x00000054   Code   RO         5373    i.vPortValidateInterruptPriority  port.o
    0x0800807c   0x0800807c   0x00000028   Code   RO         3975    i.vQueueAddToRegistry  queue.o
    0x080080a4   0x080080a4   0x00000044   Code   RO         3979    i.vQueueWaitForMessageRestricted  queue.o
    0x080080e8   0x080080e8   0x0000004c   Code   RO         4385    i.vTaskDelay        tasks.o
    0x08008134   0x08008134   0x00000010   Code   RO         4390    i.vTaskInternalSetTimeOutState  tasks.o
    0x08008144   0x08008144   0x0000000c   Code   RO         4391    i.vTaskMissedYield  tasks.o
    0x08008150   0x08008150   0x00000030   Code   RO         4393    i.vTaskPlaceOnEventList  tasks.o
    0x08008180   0x08008180   0x00000038   Code   RO         4394    i.vTaskPlaceOnEventListRestricted  tasks.o
    0x080081b8   0x080081b8   0x00000088   Code   RO         4402    i.vTaskStartScheduler  tasks.o
    0x08008240   0x08008240   0x00000010   Code   RO         4404    i.vTaskSuspendAll   tasks.o
    0x08008250   0x08008250   0x00000064   Code   RO         4405    i.vTaskSwitchContext  tasks.o
    0x080082b4   0x080082b4   0x000000f4   Code   RO         5374    i.xPortStartScheduler  port.o
    0x080083a8   0x080083a8   0x00000066   Code   RO         3985    i.xQueueGenericCreateStatic  queue.o
    0x0800840e   0x0800840e   0x00000002   PAD
    0x08008410   0x08008410   0x00000088   Code   RO         3986    i.xQueueGenericReset  queue.o
    0x08008498   0x08008498   0x00000160   Code   RO         3987    i.xQueueGenericSend  queue.o
    0x080085f8   0x080085f8   0x000000bc   Code   RO         3988    i.xQueueGenericSendFromISR  queue.o
    0x080086b4   0x080086b4   0x00000138   Code   RO         3997    i.xQueueReceive     queue.o
    0x080087ec   0x080087ec   0x00000074   Code   RO         4406    i.xTaskCheckForTimeOut  tasks.o
    0x08008860   0x08008860   0x0000005a   Code   RO         4407    i.xTaskCreate       tasks.o
    0x080088ba   0x080088ba   0x00000056   Code   RO         4408    i.xTaskCreateStatic  tasks.o
    0x08008910   0x08008910   0x0000001c   Code   RO         4412    i.xTaskGetSchedulerState  tasks.o
    0x0800892c   0x0800892c   0x0000000c   Code   RO         4413    i.xTaskGetTickCount  tasks.o
    0x08008938   0x08008938   0x000000c8   Code   RO         4415    i.xTaskIncrementTick  tasks.o
    0x08008a00   0x08008a00   0x00000080   Code   RO         4418    i.xTaskPriorityDisinherit  tasks.o
    0x08008a80   0x08008a80   0x00000070   Code   RO         4420    i.xTaskRemoveFromEventList  tasks.o
    0x08008af0   0x08008af0   0x000000c4   Code   RO         4421    i.xTaskResumeAll    tasks.o
    0x08008bb4   0x08008bb4   0x00000034   Code   RO         4733    i.xTimerCreate      timers.o
    0x08008be8   0x08008be8   0x0000002e   Code   RO         4734    i.xTimerCreateStatic  timers.o
    0x08008c16   0x08008c16   0x00000002   PAD
    0x08008c18   0x08008c18   0x00000060   Code   RO         4735    i.xTimerCreateTimerTask  timers.o
    0x08008c78   0x08008c78   0x00000068   Code   RO         4736    i.xTimerGenericCommand  timers.o
    0x08008ce0   0x08008ce0   0x000000c4   Data   RO          269    .constdata          freertos.o
    0x08008da4   0x08008da4   0x00000010   Data   RO         3756    .constdata          system_stm32f4xx.o
    0x08008db4   0x08008db4   0x00000008   Data   RO         3757    .constdata          system_stm32f4xx.o
    0x08008dbc   0x08008dbc   0x0000000c   Data   RO         5973    .constdata          inv_mpu.o
    0x08008dc8   0x08008dc8   0x0000001b   Data   RO         5974    .constdata          inv_mpu.o
    0x08008de3   0x08008de3   0x00000001   PAD
    0x08008de4   0x08008de4   0x00000028   Data   RO         5975    .constdata          inv_mpu.o
    0x08008e0c   0x08008e0c   0x00000bf6   Data   RO         6256    .constdata          inv_mpu_dmp_motion_driver.o
    0x08009a02   0x08009a02   0x00000006   PAD
    0x08009a08   0x08009a08   0x00000050   Data   RO         6532    .constdata          m_wm.l(acos.o)
    0x08009a58   0x08009a58   0x00000050   Data   RO         6546    .constdata          m_wm.l(asin.o)
    0x08009aa8   0x08009aa8   0x00000098   Data   RO         6902    .constdata          m_wm.l(atan.o)
    0x08009b40   0x08009b40   0x00000030   Data   RO         6914    .constdata          m_wm.l(cos_i.o)
    0x08009b70   0x08009b70   0x00000008   Data   RO         6940    .constdata          m_wm.l(qnan.o)
    0x08009b78   0x08009b78   0x000000c8   Data   RO         6943    .constdata          m_wm.l(rred.o)
    0x08009c40   0x08009c40   0x00000028   Data   RO         6947    .constdata          m_wm.l(sin_i.o)
    0x08009c68   0x08009c68   0x0000002d   Data   RO          270    .conststring        freertos.o
    0x08009c95   0x08009c95   0x00000003   PAD
    0x08009c98   0x08009c98   0x0000004e   Data   RO         5976    .conststring        inv_mpu.o
    0x08009ce6   0x08009ce6   0x00000002   PAD
    0x08009ce8   0x08009ce8   0x00000020   Data   RO         6999    Region$$Table       anon$$obj.o


    Execution Region RW_IRAM2 (Exec base: 0x10000000, Load base: 0x08009d50, Size: 0x00000000, Max: 0x00010000, ABSOLUTE)

    **** No section assigned to this execution region ****


    Execution Region RW_IRAM1 (Exec base: 0x20000000, Load base: 0x08009d08, Size: 0x00005178, Max: 0x00020000, ABSOLUTE, COMPRESSED[0x00000048])

    Exec Addr    Load Addr    Size         Type   Attr      Idx    E Section Name        Object

    0x20000000   COMPRESSED   0x00000018   Data   RW          271    .data               freertos.o
    0x20000018   COMPRESSED   0x00000008   Data   RW          509    .data               fsmc.o
    0x20000020   COMPRESSED   0x0000000c   Data   RW         1701    .data               stm32f4xx_hal.o
    0x2000002c   COMPRESSED   0x00000004   Data   RW         3758    .data               system_stm32f4xx.o
    0x20000030   COMPRESSED   0x0000003c   Data   RW         4424    .data               tasks.o
    0x2000006c   COMPRESSED   0x00000014   Data   RW         4744    .data               timers.o
    0x20000080   COMPRESSED   0x00000004   Data   RW         4951    .data               cmsis_os2.o
    0x20000084   COMPRESSED   0x00000018   Data   RW         5324    .data               heap_4.o
    0x2000009c   COMPRESSED   0x0000000c   Data   RW         5375    .data               port.o
    0x200000a8   COMPRESSED   0x00000035   Data   RW         5638    .data               mpu6050.o
    0x200000dd   COMPRESSED   0x00000003   PAD
    0x200000e0   COMPRESSED   0x0000002c   Data   RW         5977    .data               inv_mpu.o
    0x2000010c   COMPRESSED   0x00000034   Data   RW         6418    .data               body_task.o
    0x20000140   COMPRESSED   0x00000004   Data   RW         6966    .data               mc_w.l(stdout.o)
    0x20000144   COMPRESSED   0x00000004   Data   RW         6978    .data               mc_w.l(errno.o)
    0x20000148        -       0x00000050   Zero   RW          508    .bss                fsmc.o
    0x20000198        -       0x00000058   Zero   RW          555    .bss                spi.o
    0x200001f0        -       0x000000c0   Zero   RW          599    .bss                usart.o
    0x200002b0        -       0x00000040   Zero   RW          757    .bss                stm32f4xx_hal_timebase_tim.o
    0x200002f0        -       0x00000040   Zero   RW         4001    .bss                queue.o
    0x20000330        -       0x000004c4   Zero   RW         4423    .bss                tasks.o
    0x200007f4        -       0x00000118   Zero   RW         4743    .bss                timers.o
    0x2000090c        -       0x000006b8   Zero   RW         4950    .bss                cmsis_os2.o
    0x20000fc4        -       0x00003c00   Zero   RW         5323    .bss                heap_4.o
    0x20004bc4        -       0x00000058   Zero   RW         5813    .bss                remote.o
    0x20004c1c        -       0x00000010   Zero   RW         6255    .bss                inv_mpu_dmp_motion_driver.o
    0x20004c2c        -       0x0000014c   Zero   RW         6417    .bss                body_task.o
    0x20004d78        -       0x00000400   Zero   RW          790    STACK               startup_stm32f407xx.o


==============================================================================

Image component sizes


      Code (inc. data)   RO Data    RW Data    ZI Data      Debug   Object Name

      2600        200          0         52        332       8963   body_task.o
       604         44          0          4       1720      33542   cmsis_os2.o
         4          0          0          0          0       1707   delay.o
         0          0          0          0          0      20932   event_groups.o
       440        120        241         24          0       8675   freertos.o
       288         36          0          8         80       2343   fsmc.o
       288         16          0          0          0       1187   gpio.o
       460         24          0         24      15360       4895   heap_4.o
      4490        288        157         44          0      27134   inv_mpu.o
      2410        134       3062          0         16      20082   inv_mpu_dmp_motion_driver.o
       900         46          0          0          0       8160   ioi2c.o
       138          0          0          0          0       3666   list.o
       204         16          0          0          0     715668   main.o
      1248        420          0         53          0      35169   mpu6050.o
       786         82          0         12          0      11833   port.o
      1512         20          0          0         64      17692   queue.o
         0          0          0          0         88       1038   remote.o
       108         18          0          0          0       1039   robotcmd.o
       196          4          0          0          0       1292   rx_28.o
       172         20          0          0         88       1765   spi.o
        36          8        392          0       1024        820   startup_stm32f407xx.o
       116         18          0         12          0       8870   stm32f4xx_hal.o
       158         14          0          0          0      33262   stm32f4xx_hal_cortex.o
        36          0          0          0          0       1251   stm32f4xx_hal_dma.o
       474         46          0          0          0       3780   stm32f4xx_hal_gpio.o
        56          4          0          0          0        910   stm32f4xx_hal_msp.o
      1396         86          0          0          0       6029   stm32f4xx_hal_rcc.o
       128          0          0          0          0       1207   stm32f4xx_hal_spi.o
        86          0          0          0          0       1256   stm32f4xx_hal_sram.o
       656         44          0          0          0       7460   stm32f4xx_hal_tim.o
         4          0          0          0          0       1661   stm32f4xx_hal_tim_ex.o
       116         16          0          0         64       1483   stm32f4xx_hal_timebase_tim.o
      1254         16          0          0          0       9795   stm32f4xx_hal_uart.o
        60         24          0          0          0       4863   stm32f4xx_it.o
       216         12          0          0          0       2787   stm32f4xx_ll_fsmc.o
         0          0          0          0          0        384   stream_buffer.o
        28          4          0          0          0        572   sys.o
        28          6         24          4          0       1215   system_stm32f4xx.o
      2084        170          0         60       1220      27456   tasks.o
      1184         80          0         20        280      36335   timers.o
       456         56          0          0        192       3272   usart.o

    ----------------------------------------------------------------------
     25462       2092       3920        320      20528    1081450   Object Totals
         0          0         32          0          0          0   (incl. Generated)
        42          0         12          3          0          0   (incl. Padding)

    ----------------------------------------------------------------------

      Code (inc. data)   RO Data    RW Data    ZI Data      Debug   Library Member Name

       856        118         80          0          0        288   acos.o
       864         94         80          0          0        280   asin.o
       744        106        152          0          0        352   atan.o
       496         64          0          0          0        192   atan2.o
       200         20          0          0          0        164   cos.o
       368         46         48          0          0        200   cos_i.o
       104         16          0          0          0        496   dunder.o
        24          0          0          0          0        124   fabs.o
        48          0          0          0          0        124   fpclassify.o
       248          0          0          0          0        152   poly.o
         0          0          8          0          0          0   qnan.o
      1080        142        200          0          0        188   rred.o
       200         20          0          0          0        164   sin.o
       304         24         40          0          0        208   sin_i.o
       232          0          0          0          0        296   sqrt.o
        86          0          0          0          0          0   __dczerorl2.o
         0          0          0          0          0          0   entry.o
         0          0          0          0          0          0   entry10a.o
         0          0          0          0          0          0   entry11a.o
         8          4          0          0          0          0   entry2.o
         4          0          0          0          0          0   entry5.o
         0          0          0          0          0          0   entry7b.o
         0          0          0          0          0          0   entry8b.o
         8          4          0          0          0          0   entry9a.o
        12          6          0          4          0         68   errno.o
        30          0          0          0          0          0   handlers.o
        36          8          0          0          0         68   init.o
         0          0          0          0          0          0   iusefp.o
        98          0          0          0          0         84   ldiv.o
        30          0          0          0          0         68   llshl.o
        36          0          0          0          0         68   llsshr.o
        32          0          0          0          0         68   llushr.o
        26          0          0          0          0         80   memcmp.o
        36          0          0          0          0         68   memcpya.o
        36          0          0          0          0        108   memseta.o
      2258         90          0          0          0        452   printfa.o
         0          0          0          4          0          0   stdout.o
        44          0          0          0          0         80   uidiv.o
        98          0          0          0          0         92   uldiv.o
        48          0          0          0          0         68   cdrcmple.o
        56          0          0          0          0         88   d2f.o
       334          0          0          0          0        148   dadd.o
       222          0          0          0          0        100   ddiv.o
       186          0          0          0          0        176   depilogue.o
        62          0          0          0          0         80   dfixi.o
        48          0          0          0          0         68   dfixul.o
        34          0          0          0          0         76   dflti.o
        26          0          0          0          0         76   dfltui.o
       228          0          0          0          0         96   dmul.o
       162          0          0          0          0        100   dsqrt.o
        38          0          0          0          0         68   f2d.o
       110          0          0          0          0        168   fepilogue.o

    ----------------------------------------------------------------------
     10210        762        608          8          0       5844   Library Totals
        10          0          0          0          0          0   (incl. Padding)

    ----------------------------------------------------------------------

      Code (inc. data)   RO Data    RW Data    ZI Data      Debug   Library Name

      5768        650        608          0          0       3228   m_wm.l
      2878        112          0          8          0       1304   mc_w.l
      1554          0          0          0          0       1312   mf_w.l

    ----------------------------------------------------------------------
     10210        762        608          8          0       5844   Library Totals

    ----------------------------------------------------------------------

==============================================================================


      Code (inc. data)   RO Data    RW Data    ZI Data      Debug   

     35672       2854       4528        328      20528    1062026   Grand Totals
     35672       2854       4528         72      20528    1062026   ELF Image Totals (compressed)
     35672       2854       4528         72          0          0   ROM Totals

==============================================================================

    Total RO  Size (Code + RO Data)                40200 (  39.26kB)
    Total RW  Size (RW Data + ZI Data)             20856 (  20.37kB)
    Total ROM Size (Code + RO Data + RW Data)      40272 (  39.33kB)

==============================================================================

